Archive member included to satisfy reference by file (symbol)

C:/Users/suzum/.pico-sdk/toolchain/14_2_Rel1/bin/../lib/gcc/arm-none-eabi/14.2.1/thumb/v6-m/nofp\libgcc.a(_dvmd_tls.o)
                              CMakeFiles/astcan_wifi.dir/C_/Users/suzum/.pico-sdk/sdk/2.2.0/src/rp2_common/pico_divider/divider_hardware.S.obj (__aeabi_idiv0)
C:/Users/suzum/.pico-sdk/toolchain/14_2_Rel1/bin/../lib/gcc/arm-none-eabi/14.2.1/thumb/v6-m/nofp\libg.a(libc_a-atoi.o)
                              CMakeFiles/astcan_wifi.dir/C_/Users/suzum/.pico-sdk/sdk/2.2.0/lib/lwip/src/core/netif.c.obj (atoi)
C:/Users/suzum/.pico-sdk/toolchain/14_2_Rel1/bin/../lib/gcc/arm-none-eabi/14.2.1/thumb/v6-m/nofp\libg.a(libc_a-calloc.o)
                              CMakeFiles/astcan_wifi.dir/C_/Users/suzum/.pico-sdk/sdk/2.2.0/src/rp2_common/pico_malloc/malloc.c.obj (calloc)
C:/Users/suzum/.pico-sdk/toolchain/14_2_Rel1/bin/../lib/gcc/arm-none-eabi/14.2.1/thumb/v6-m/nofp\libg.a(libc_a-callocr.o)
                              C:/Users/suzum/.pico-sdk/toolchain/14_2_Rel1/bin/../lib/gcc/arm-none-eabi/14.2.1/thumb/v6-m/nofp\libg.a(libc_a-calloc.o) (_calloc_r)
C:/Users/suzum/.pico-sdk/toolchain/14_2_Rel1/bin/../lib/gcc/arm-none-eabi/14.2.1/thumb/v6-m/nofp\libg.a(libc_a-malloc.o)
                              CMakeFiles/astcan_wifi.dir/C_/Users/suzum/.pico-sdk/sdk/2.2.0/src/rp2_common/pico_malloc/malloc.c.obj (malloc)
C:/Users/suzum/.pico-sdk/toolchain/14_2_Rel1/bin/../lib/gcc/arm-none-eabi/14.2.1/thumb/v6-m/nofp\libg.a(libc_a-mallocr.o)
                              C:/Users/suzum/.pico-sdk/toolchain/14_2_Rel1/bin/../lib/gcc/arm-none-eabi/14.2.1/thumb/v6-m/nofp\libg.a(libc_a-callocr.o) (_malloc_r)
C:/Users/suzum/.pico-sdk/toolchain/14_2_Rel1/bin/../lib/gcc/arm-none-eabi/14.2.1/thumb/v6-m/nofp\libg.a(libc_a-mlock.o)
                              C:/Users/suzum/.pico-sdk/toolchain/14_2_Rel1/bin/../lib/gcc/arm-none-eabi/14.2.1/thumb/v6-m/nofp\libg.a(libc_a-mallocr.o) (__malloc_lock)
C:/Users/suzum/.pico-sdk/toolchain/14_2_Rel1/bin/../lib/gcc/arm-none-eabi/14.2.1/thumb/v6-m/nofp\libg.a(libc_a-realloc.o)
                              CMakeFiles/astcan_wifi.dir/C_/Users/suzum/.pico-sdk/sdk/2.2.0/src/rp2_common/pico_malloc/malloc.c.obj (realloc)
C:/Users/suzum/.pico-sdk/toolchain/14_2_Rel1/bin/../lib/gcc/arm-none-eabi/14.2.1/thumb/v6-m/nofp\libg.a(libc_a-reallocr.o)
                              C:/Users/suzum/.pico-sdk/toolchain/14_2_Rel1/bin/../lib/gcc/arm-none-eabi/14.2.1/thumb/v6-m/nofp\libg.a(libc_a-realloc.o) (_realloc_r)
C:/Users/suzum/.pico-sdk/toolchain/14_2_Rel1/bin/../lib/gcc/arm-none-eabi/14.2.1/thumb/v6-m/nofp\libg.a(libc_a-strtol.o)
                              C:/Users/suzum/.pico-sdk/toolchain/14_2_Rel1/bin/../lib/gcc/arm-none-eabi/14.2.1/thumb/v6-m/nofp\libg.a(libc_a-atoi.o) (_strtol_r)
C:/Users/suzum/.pico-sdk/toolchain/14_2_Rel1/bin/../lib/gcc/arm-none-eabi/14.2.1/thumb/v6-m/nofp\libg.a(libc_a-ctype_.o)
                              CMakeFiles/astcan_wifi.dir/C_/Users/suzum/.pico-sdk/sdk/2.2.0/lib/lwip/src/core/dns.c.obj (_ctype_)
C:/Users/suzum/.pico-sdk/toolchain/14_2_Rel1/bin/../lib/gcc/arm-none-eabi/14.2.1/thumb/v6-m/nofp\libg.a(libc_a-fflush.o)
                              CMakeFiles/astcan_wifi.dir/ov7675.c.obj (fflush)
C:/Users/suzum/.pico-sdk/toolchain/14_2_Rel1/bin/../lib/gcc/arm-none-eabi/14.2.1/thumb/v6-m/nofp\libg.a(libc_a-findfp.o)
                              C:/Users/suzum/.pico-sdk/toolchain/14_2_Rel1/bin/../lib/gcc/arm-none-eabi/14.2.1/thumb/v6-m/nofp\libg.a(libc_a-fflush.o) (__sglue)
C:/Users/suzum/.pico-sdk/toolchain/14_2_Rel1/bin/../lib/gcc/arm-none-eabi/14.2.1/thumb/v6-m/nofp\libg.a(libc_a-fwalk.o)
                              C:/Users/suzum/.pico-sdk/toolchain/14_2_Rel1/bin/../lib/gcc/arm-none-eabi/14.2.1/thumb/v6-m/nofp\libg.a(libc_a-fflush.o) (_fwalk_sglue)
C:/Users/suzum/.pico-sdk/toolchain/14_2_Rel1/bin/../lib/gcc/arm-none-eabi/14.2.1/thumb/v6-m/nofp\libg.a(libc_a-stdio.o)
                              C:/Users/suzum/.pico-sdk/toolchain/14_2_Rel1/bin/../lib/gcc/arm-none-eabi/14.2.1/thumb/v6-m/nofp\libg.a(libc_a-findfp.o) (__sread)
C:/Users/suzum/.pico-sdk/toolchain/14_2_Rel1/bin/../lib/gcc/arm-none-eabi/14.2.1/thumb/v6-m/nofp\libg.a(libc_a-memcmp.o)
                              CMakeFiles/astcan_wifi.dir/C_/Users/suzum/.pico-sdk/sdk/2.2.0/src/rp2_common/pico_atomic/atomic.c.obj (memcmp)
C:/Users/suzum/.pico-sdk/toolchain/14_2_Rel1/bin/../lib/gcc/arm-none-eabi/14.2.1/thumb/v6-m/nofp\libg.a(libc_a-memmove.o)
                              CMakeFiles/astcan_wifi.dir/C_/Users/suzum/.pico-sdk/sdk/2.2.0/lib/lwip/src/core/def.c.obj (memmove)
C:/Users/suzum/.pico-sdk/toolchain/14_2_Rel1/bin/../lib/gcc/arm-none-eabi/14.2.1/thumb/v6-m/nofp\libg.a(libc_a-strncmp.o)
                              CMakeFiles/astcan_wifi.dir/C_/Users/suzum/.pico-sdk/sdk/2.2.0/lib/lwip/src/core/def.c.obj (strncmp)
C:/Users/suzum/.pico-sdk/toolchain/14_2_Rel1/bin/../lib/gcc/arm-none-eabi/14.2.1/thumb/v6-m/nofp\libg.a(libc_a-lcltime_r.o)
[...]
Memory Configuration

Name             Origin             Length             Attributes
FLASH            0x10000000         0x00200000         xr
RAM              0x20000000         0x00040000         xrw
SCRATCH_X        0x20040000         0x00001000         xrw
SCRATCH_Y        0x20041000         0x00001000         xrw
*default*        0x00000000         0xffffffff

Linker script and memory map

LOAD C:/Users/suzum/.pico-sdk/toolchain/14_2_Rel1/bin/../lib/gcc/arm-none-eabi/14.2.1/thumb/v6-m/nofp/crti.o
LOAD C:/Users/suzum/.pico-sdk/toolchain/14_2_Rel1/bin/../lib/gcc/arm-none-eabi/14.2.1/thumb/v6-m/nofp/crtbegin.o
LOAD C:/Users/suzum/.pico-sdk/toolchain/14_2_Rel1/bin/../lib/gcc/arm-none-eabi/14.2.1/thumb/v6-m/nofp/crt0.o

.flash_begin    0x10000000        0x0
                0x10000000                        __flash_binary_start = .

.boot2          0x10000000      0x100
                0x10000000                        __boot2_start__ = .
 *(.boot2)
 .boot2         0x10000000      0x100 pico-sdk/src/rp2040/boot_stage2/CMakeFiles/bs2_default_library.dir/./bs2_default_padded_checksummed.S.obj
                0x10000100                        __boot2_end__ = .
                0x00000001                        ASSERT (((__boot2_end__ - __boot2_start__) == 0x100), ERROR: Pico second stage bootloader must be 256 bytes in size)

.text           0x10000100    0x18474
                0x10000100                        __logical_binary_start = .
 *(.vectors)
 .vectors       0x10000100       0xd4 CMakeFiles/astcan_wifi.dir/C_/Users/suzum/.pico-sdk/sdk/2.2.0/src/rp2_common/pico_crt0/crt0.S.obj
                0x10000100                __VECTOR_TABLE
                0x10000100                __vectors
                0x100001c0                isr_irq13
                0x100001c0                isr_irq27
                0x100001c0                isr_irq31
                0x100001c0                isr_irq12
                0x100001c0                isr_irq5
                0x100001c0                isr_irq11
                0x100001c0                isr_irq3
                0x100001c0                isr_irq23
                0x100001c0                __unhandled_user_irq
                0x100001c0                isr_irq26
                0x100001c0                isr_irq28
                0x100001c0                isr_irq19
                0x100001c0                isr_irq0
                0x100001c0                isr_irq6
                0x100001c0                isr_irq29
                0x100001c0                isr_irq16
                0x100001c0                isr_irq22
                0x100001c0                isr_irq18
                0x100001c0                isr_irq17
                0x100001c0                isr_irq14
                0x100001c0                __vectors_end
                0x100001c0                __default_isrs_start
                0x100001c0                isr_irq2
                0x100001c0                isr_irq10
                0x100001c0                isr_irq8
                0x100001c0                isr_irq24
                0x100001c0                isr_irq1
                0x100001c0                isr_irq7
                0x100001c0                isr_irq21
                0x100001c0                isr_irq20
                0x100001c0                isr_irq15
                0x100001c0                isr_irq25
                0x100001c0                isr_irq4
                0x100001c0                isr_irq30
                0x100001c0                isr_irq9
                0x100001c6                unhandled_user_irq_num_in_r0
                0x100001c8                isr_invalid
                0x100001ca                isr_nmi
                0x100001cc                isr_hardfault
                0x100001ce                isr_svcall
                0x100001d0                isr_pendsv
                0x100001d2                isr_systick
                0x100001d4                __default_isrs_end
 *(.binary_info_header)
 .binary_info_header
                0x100001d4       0x14 CMakeFiles/astcan_wifi.dir/C_/Users/suzum/.pico-sdk/sdk/2.2.0/src/rp2_common/pico_crt0/crt0.S.obj
                0x100001e8                        __binary_info_header_end = .
 *(.embedded_block)
                0x100001e8                        __embedded_block_end = .
 *(.reset)
 .reset         0x100001e8       0x9c CMakeFiles/astcan_wifi.dir/C_/Users/suzum/.pico-sdk/sdk/2.2.0/src/rp2_common/pico_crt0/crt0.S.obj
                0x100001e8                _entry_point
 *(.init)
 .init          0x10000284        0x4 C:/Users/suzum/.pico-sdk/toolchain/14_2_Rel1/bin/../lib/gcc/arm-none-eabi/14.2.1/thumb/v6-m/nofp/crti.o
                0x10000284                _init
 *(EXCLUDE_FILE(*libm.a: *libc.a:*lib_a-mem*.o *libgcc.a:) .text*)
 .text.register_tm_clones
                0x10000288       0x28 C:/Users/suzum/.pico-sdk/toolchain/14_2_Rel1/bin/../lib/gcc/arm-none-eabi/14.2.1/thumb/v6-m/nofp/crtbegin.o
 .text.frame_dummy
                0x100002b0       0x24 C:/Users/suzum/.pico-sdk/toolchain/14_2_Rel1/bin/../lib/gcc/arm-none-eabi/14.2.1/thumb/v6-m/nofp/crtbegin.o
 .text.cmd_client_recv
                0x100002d4       0x84 CMakeFiles/astcan_wifi.dir/my_wifi_project/WiFi_picow_client.c.obj
 .text.data_client_connected
                0x10000358       0x30 CMakeFiles/astcan_wifi.dir/my_wifi_project/WiFi_picow_client.c.obj
 .text.cmd_client_connected
                0x10000388       0x30 CMakeFiles/astcan_wifi.dir/my_wifi_project/WiFi_picow_client.c.obj
 .text.startup.main
                0x100003b8      0x4d0 CMakeFiles/astcan_wifi.dir/my_wifi_project/WiFi_picow_client.c.obj
                0x100003b8                main
 .text.pwm_cycle_right
                0x10000888       0xd0 CMakeFiles/astcan_wifi.dir/pwm.c.obj
                0x10000888                pwm_cycle_right
 .text.pwm_right_cycle_asiAngle
                0x10000958       0x40 CMakeFiles/astcan_wifi.dir/pwm.c.obj
                0x10000958                pwm_right_cycle_asiAngle
 .text.sunSensor_read
                0x10000998       0x4c CMakeFiles/astcan_wifi.dir/SunSensor.c.obj
                0x10000998                sunSensor_read
 .text.calculate_sun_angle
                0x100009e4      0x104 CMakeFiles/astcan_wifi.dir/SunSensor.c.obj
                0x100009e4                calculate_sun_angle
 .text.Gen_clock
                0x10000ae8       0x48 CMakeFiles/astcan_wifi.dir/ov7675.c.obj
                0x10000ae8                Gen_clock
 .text.ov7675_init
                0x10000b30      0x1d8 CMakeFiles/astcan_wifi.dir/ov7675.c.obj
                0x10000b30                ov7675_init
 .text.GPIO_set
                0x10000d08       0x20 CMakeFiles/astcan_wifi.dir/ov7675.c.obj
                0x10000d08                GPIO_set
 .text.cap_pic_init
                0x10000d28       0x2c CMakeFiles/astcan_wifi.dir/ov7675.c.obj
                0x10000d28                cap_pic_init
 .text.capture  0x10000d54       0xf4 CMakeFiles/astcan_wifi.dir/ov7675.c.obj
                0x10000d54                capture
 .text.gpio_set_function
                0x10000e48       0x34 CMakeFiles/astcan_wifi.dir/C_/Users/suzum/.pico-sdk/sdk/2.2.0/src/rp2_common/hardware_gpio/gpio.c.obj
                0x10000e48                gpio_set_function
 .text.gpio_set_pulls
                0x10000e7c       0x28 CMakeFiles/astcan_wifi.dir/C_/Users/suzum/.pico-sdk/sdk/2.2.0/src/rp2_common/hardware_gpio/gpio.c.obj
                0x10000e7c                gpio_set_pulls
 .text.gpio_set_input_hysteresis_enabled
                0x10000ea4       0x28 CMakeFiles/astcan_wifi.dir/C_/Users/suzum/.pico-sdk/sdk/2.2.0/src/rp2_common/hardware_gpio/gpio.c.obj
                0x10000ea4                gpio_set_input_hysteresis_enabled
 .text.gpio_set_irq_enabled
                0x10000ecc       0x58 CMakeFiles/astcan_wifi.dir/C_/Users/suzum/.pico-sdk/sdk/2.2.0/src/rp2_common/hardware_gpio/gpio.c.obj
                0x10000ecc                gpio_set_irq_enabled
 .text.gpio_add_raw_irq_handler_with_order_priority_masked
                0x10000f24       0x44 CMakeFiles/astcan_wifi.dir/C_/Users/suzum/.pico-sdk/sdk/2.2.0/src/rp2_common/hardware_gpio/gpio.c.obj
                0x10000f24                gpio_add_raw_irq_handler_with_order_priority_masked
 .text.gpio_remove_raw_irq_handler_masked
                0x10000f68       0x20 CMakeFiles/astcan_wifi.dir/C_/Users/suzum/.pico-sdk/sdk/2.2.0/src/rp2_common/hardware_gpio/gpio.c.obj
                0x10000f68                gpio_remove_raw_irq_handler_masked
 .text.gpio_init
                0x10000f88       0x40 CMakeFiles/astcan_wifi.dir/C_/Users/suzum/.pico-sdk/sdk/2.2.0/src/rp2_common/hardware_gpio/gpio.c.obj
                0x10000f88                gpio_init
 .text.rp2040_chip_version
                0x10000fc8        0xc CMakeFiles/astcan_wifi.dir/C_/Users/suzum/.pico-sdk/sdk/2.2.0/src/rp2040/pico_platform/platform.c.obj
                0x10000fc8                rp2040_chip_version
 .text.panic    0x10000fd4       0x30 CMakeFiles/astcan_wifi.dir/C_/Users/suzum/.pico-sdk/sdk/2.2.0/src/rp2_common/pico_platform_panic/panic.c.obj
                0x10000fd4                panic
 .text.hw_claim_lock
                0x10001004       0x18 CMakeFiles/astcan_wifi.dir/C_/Users/suzum/.pico-sdk/sdk/2.2.0/src/common/hardware_claim/claim.c.obj
                0x10001004                hw_claim_lock
 .text.hw_claim_unlock
                0x1000101c       0x14 CMakeFiles/astcan_wifi.dir/C_/Users/suzum/.pico-sdk/sdk/2.2.0/src/common/hardware_claim/claim.c.obj
                0x1000101c                hw_claim_unlock
 .text.hw_claim_or_assert
                0x10001030       0x44 CMakeFiles/astcan_wifi.dir/C_/Users/suzum/.pico-sdk/sdk/2.2.0/src/common/hardware_claim/claim.c.obj
                0x10001030                hw_claim_or_assert
 .text.hw_claim_unused_from_range
                0x10001074       0x88 CMakeFiles/astcan_wifi.dir/C_/Users/suzum/.pico-sdk/sdk/2.2.0/src/common/hardware_claim/claim.c.obj
                0x10001074                hw_claim_unused_from_range
 .text.hw_claim_clear
                0x100010fc       0x38 CMakeFiles/astcan_wifi.dir/C_/Users/suzum/.pico-sdk/sdk/2.2.0/src/common/hardware_claim/claim.c.obj
                0x100010fc                hw_claim_clear
 .text.next_striped_spin_lock_num
                0x10001134       0x18 CMakeFiles/astcan_wifi.dir/C_/Users/suzum/.pico-sdk/sdk/2.2.0/src/rp2_common/hardware_sync/sync.c.obj
                0x10001134                next_striped_spin_lock_num
 .text.spin_lock_claim_unused
                0x1000114c       0x24 CMakeFiles/astcan_wifi.dir/C_/Users/suzum/.pico-sdk/sdk/2.2.0/src/rp2_common/hardware_sync/sync.c.obj
                0x1000114c                spin_lock_claim_unused
 .text.spin_locks_reset
                0x10001170       0x1c CMakeFiles/astcan_wifi.dir/C_/Users/suzum/.pico-sdk/sdk/2.2.0/src/rp2_common/hardware_sync_spin_lock/sync_spin_lock.c.obj
                0x10001170                spin_locks_reset
 .text.runtime_init_per_core_irq_priorities
                0x1000118c       0x24 CMakeFiles/astcan_wifi.dir/C_/Users/suzum/.pico-sdk/sdk/2.2.0/src/rp2_common/hardware_irq/irq.c.obj
                0x1000118c                runtime_init_per_core_irq_priorities
 .text.irq_set_enabled
                0x100011b0       0x24 CMakeFiles/astcan_wifi.dir/C_/Users/suzum/.pico-sdk/sdk/2.2.0/src/rp2_common/hardware_irq/irq.c.obj
                0x100011b0                irq_set_enabled
 .text.irq_is_enabled
                0x100011d4       0x18 CMakeFiles/astcan_wifi.dir/C_/Users/suzum/.pico-sdk/sdk/2.2.0/src/rp2_common/hardware_irq/irq.c.obj
                0x100011d4                irq_is_enabled
 .text.irq_set_pending
                0x100011ec       0x10 CMakeFiles/astcan_wifi.dir/C_/Users/suzum/.pico-sdk/sdk/2.2.0/src/rp2_common/hardware_irq/irq.c.obj
                0x100011ec                irq_set_pending
 .text.irq_has_shared_handler
                0x100011fc       0x24 CMakeFiles/astcan_wifi.dir/C_/Users/suzum/.pico-sdk/sdk/2.2.0/src/rp2_common/hardware_irq/irq.c.obj
                0x100011fc                irq_has_shared_handler
 .text.irq_set_exclusive_handler
                0x10001220       0x54 CMakeFiles/astcan_wifi.dir/C_/Users/suzum/.pico-sdk/sdk/2.2.0/src/rp2_common/hardware_irq/irq.c.obj
                0x10001220                irq_set_exclusive_handler
 .text.irq_add_shared_handler
                0x10001274      0x1f4 CMakeFiles/astcan_wifi.dir/C_/Users/suzum/.pico-sdk/sdk/2.2.0/src/rp2_common/hardware_irq/irq.c.obj
                0x10001274                irq_add_shared_handler
 .text.irq_remove_handler
                0x10001468      0x1d4 CMakeFiles/astcan_wifi.dir/C_/Users/suzum/.pico-sdk/sdk/2.2.0/src/rp2_common/hardware_irq/irq.c.obj
                0x10001468                irq_remove_handler
 .text.irq_add_tail_to_free_list
                0x1000163c       0xb4 CMakeFiles/astcan_wifi.dir/C_/Users/suzum/.pico-sdk/sdk/2.2.0/src/rp2_common/hardware_irq/irq.c.obj
                0x1000163c                irq_add_tail_to_free_list
 .text.user_irq_claim_unused
                0x100016f0       0x2c CMakeFiles/astcan_wifi.dir/C_/Users/suzum/.pico-sdk/sdk/2.2.0/src/rp2_common/hardware_irq/irq.c.obj
                0x100016f0                user_irq_claim_unused
 .text.sem_init
                0x1000171c       0x20 CMakeFiles/astcan_wifi.dir/C_/Users/suzum/.pico-sdk/sdk/2.2.0/src/common/pico_sync/sem.c.obj
                0x1000171c                sem_init
 .text.lock_init
                0x1000173c       0x10 CMakeFiles/astcan_wifi.dir/C_/Users/suzum/.pico-sdk/sdk/2.2.0/src/common/pico_sync/lock_core.c.obj
                0x1000173c                lock_init
 .text.runtime_init_mutex
                0x1000174c       0x50 CMakeFiles/astcan_wifi.dir/C_/Users/suzum/.pico-sdk/sdk/2.2.0/src/common/pico_sync/mutex.c.obj
                0x1000174c                runtime_init_mutex
 .text.mutex_init
                0x1000179c       0x1c CMakeFiles/astcan_wifi.dir/C_/Users/suzum/.pico-sdk/sdk/2.2.0/src/common/pico_sync/mutex.c.obj
                0x1000179c                mutex_init
 .text.critical_section_init
                0x100017b8       0x1c CMakeFiles/astcan_wifi.dir/C_/Users/suzum/.pico-sdk/sdk/2.2.0/src/common/pico_sync/critical_section.c.obj
                0x100017b8                critical_section_init
 .text.critical_section_init_with_lock_num
                0x100017d4       0x14 CMakeFiles/astcan_wifi.dir/C_/Users/suzum/.pico-sdk/sdk/2.2.0/src/common/pico_sync/critical_section.c.obj
                0x100017d4                critical_section_init_with_lock_num
 .text.sleep_until_callback
                0x100017e8       0x30 CMakeFiles/astcan_wifi.dir/C_/Users/suzum/.pico-sdk/sdk/2.2.0/src/common/pico_time/time.c.obj
 .text.alarm_pool_irq_handler
                0x10001818      0x300 CMakeFiles/astcan_wifi.dir/C_/Users/suzum/.pico-sdk/sdk/2.2.0/src/common/pico_time/time.c.obj
 .text.runtime_init_default_alarm_pool
                0x10001b18       0xdc CMakeFiles/astcan_wifi.dir/C_/Users/suzum/.pico-sdk/sdk/2.2.0/src/common/pico_time/time.c.obj
                0x10001b18                runtime_init_default_alarm_pool
 .text.alarm_pool_get_default
                0x10001bf4        0x8 CMakeFiles/astcan_wifi.dir/C_/Users/suzum/.pico-sdk/sdk/2.2.0/src/common/pico_time/time.c.obj
                0x10001bf4                alarm_pool_get_default
 .text.alarm_pool_add_alarm_at
                0x10001bfc       0xd0 CMakeFiles/astcan_wifi.dir/C_/Users/suzum/.pico-sdk/sdk/2.2.0/src/common/pico_time/time.c.obj
                0x10001bfc                alarm_pool_add_alarm_at
 .text.alarm_pool_add_alarm_at_force_in_context
                0x10001ccc       0xb0 CMakeFiles/astcan_wifi.dir/C_/Users/suzum/.pico-sdk/sdk/2.2.0/src/common/pico_time/time.c.obj
                0x10001ccc                alarm_pool_add_alarm_at_force_in_context
 .text.alarm_pool_cancel_alarm
                0x10001d7c       0x74 CMakeFiles/astcan_wifi.dir/C_/Users/suzum/.pico-sdk/sdk/2.2.0/src/common/pico_time/time.c.obj
                0x10001d7c                alarm_pool_cancel_alarm
 .text.alarm_pool_core_num
                0x10001df0        0x4 CMakeFiles/astcan_wifi.dir/C_/Users/suzum/.pico-sdk/sdk/2.2.0/src/common/pico_time/time.c.obj
                0x10001df0                alarm_pool_core_num
 .text.sleep_until
                0x10001df4       0xd0 CMakeFiles/astcan_wifi.dir/C_/Users/suzum/.pico-sdk/sdk/2.2.0/src/common/pico_time/time.c.obj
                0x10001df4                sleep_until
 .text.sleep_ms
                0x10001ec4       0xfc CMakeFiles/astcan_wifi.dir/C_/Users/suzum/.pico-sdk/sdk/2.2.0/src/common/pico_time/time.c.obj
                0x10001ec4                sleep_ms
 .text.best_effort_wfe_or_timeout
                0x10001fc0      0x10c CMakeFiles/astcan_wifi.dir/C_/Users/suzum/.pico-sdk/sdk/2.2.0/src/common/pico_time/time.c.obj
                0x10001fc0                best_effort_wfe_or_timeout
 .text.timer_hardware_alarm_claim
                0x100020cc       0x14 CMakeFiles/astcan_wifi.dir/C_/Users/suzum/.pico-sdk/sdk/2.2.0/src/rp2_common/hardware_timer/timer.c.obj
                0x100020cc                timer_hardware_alarm_claim
 .text.timer_time_us_64
                0x100020e0       0x10 CMakeFiles/astcan_wifi.dir/C_/Users/suzum/.pico-sdk/sdk/2.2.0/src/rp2_common/hardware_timer/timer.c.obj
                0x100020e0                timer_time_us_64
 .text.time_us_64
                0x100020f0       0x14 CMakeFiles/astcan_wifi.dir/C_/Users/suzum/.pico-sdk/sdk/2.2.0/src/rp2_common/hardware_timer/timer.c.obj
                0x100020f0                time_us_64
 .text.busy_wait_us
                0x10002104       0x68 CMakeFiles/astcan_wifi.dir/C_/Users/suzum/.pico-sdk/sdk/2.2.0/src/rp2_common/hardware_timer/timer.c.obj
                0x10002104                busy_wait_us
 .text.busy_wait_until
                0x1000216c       0x20 CMakeFiles/astcan_wifi.dir/C_/Users/suzum/.pico-sdk/sdk/2.2.0/src/rp2_common/hardware_timer/timer.c.obj
                0x1000216c                busy_wait_until
 .text.uart_init
                0x1000218c      0x120 CMakeFiles/astcan_wifi.dir/C_/Users/suzum/.pico-sdk/sdk/2.2.0/src/rp2_common/hardware_uart/uart.c.obj
                0x1000218c                uart_init
 .text.clock_configure_int_divider
                0x100022ac       0xf4 CMakeFiles/astcan_wifi.dir/C_/Users/suzum/.pico-sdk/sdk/2.2.0/src/rp2_common/hardware_clocks/clocks.c.obj
                0x100022ac                clock_configure_int_divider
 .text.clock_configure_undivided
                0x100023a0       0xe8 CMakeFiles/astcan_wifi.dir/C_/Users/suzum/.pico-sdk/sdk/2.2.0/src/rp2_common/hardware_clocks/clocks.c.obj
                0x100023a0                clock_configure_undivided
 .text.clock_get_hz
                0x10002488        0xc CMakeFiles/astcan_wifi.dir/C_/Users/suzum/.pico-sdk/sdk/2.2.0/src/rp2_common/hardware_clocks/clocks.c.obj
                0x10002488                clock_get_hz
 .text.pll_init
                0x10002494       0xa4 CMakeFiles/astcan_wifi.dir/C_/Users/suzum/.pico-sdk/sdk/2.2.0/src/rp2_common/hardware_pll/pll.c.obj
                0x10002494                pll_init
 .text.watchdog_reboot
                0x10002538       0x9c CMakeFiles/astcan_wifi.dir/C_/Users/suzum/.pico-sdk/sdk/2.2.0/src/rp2_common/hardware_watchdog/watchdog.c.obj
                0x10002538                watchdog_reboot
 .text.tick_start
                0x100025d4       0x10 CMakeFiles/astcan_wifi.dir/C_/Users/suzum/.pico-sdk/sdk/2.2.0/src/rp2_common/hardware_ticks/ticks.c.obj
                0x100025d4                tick_start
 .text.rom_func_lookup
                0x100025e4       0x10 CMakeFiles/astcan_wifi.dir/C_/Users/suzum/.pico-sdk/sdk/2.2.0/src/rp2_common/pico_bootrom/bootrom.c.obj
                0x100025e4                rom_func_lookup
 .text.rom_data_lookup
                0x100025f4       0x10 CMakeFiles/astcan_wifi.dir/C_/Users/suzum/.pico-sdk/sdk/2.2.0/src/rp2_common/pico_bootrom/bootrom.c.obj
                0x100025f4                rom_data_lookup
 .text.rom_funcs_lookup
                0x10002604       0x44 CMakeFiles/astcan_wifi.dir/C_/Users/suzum/.pico-sdk/sdk/2.2.0/src/rp2_common/pico_bootrom/bootrom.c.obj
                0x10002604                rom_funcs_lookup
 .text.rom_reset_usb_boot_extra
                0x10002648       0x24 CMakeFiles/astcan_wifi.dir/C_/Users/suzum/.pico-sdk/sdk/2.2.0/src/rp2_common/pico_bootrom/bootrom.c.obj
                0x10002648                rom_reset_usb_boot_extra
 .text.xosc_init
                0x1000266c       0x28 CMakeFiles/astcan_wifi.dir/C_/Users/suzum/.pico-sdk/sdk/2.2.0/src/rp2_common/hardware_xosc/xosc.c.obj
                0x1000266c                xosc_init
 .text.first_per_core_initializer
                0x10002694        0x4 CMakeFiles/astcan_wifi.dir/C_/Users/suzum/.pico-sdk/sdk/2.2.0/src/rp2_common/pico_runtime/runtime.c.obj
 .text.hard_assertion_failure
                0x10002698        0xc CMakeFiles/astcan_wifi.dir/C_/Users/suzum/.pico-sdk/sdk/2.2.0/src/rp2_common/pico_runtime/runtime.c.obj
                0x10002698                hard_assertion_failure
 .text.runtime_run_initializers
                0x100026a4       0x28 CMakeFiles/astcan_wifi.dir/C_/Users/suzum/.pico-sdk/sdk/2.2.0/src/rp2_common/pico_runtime/runtime.c.obj
                0x100026a4                runtime_run_initializers
 .text.runtime_init_early_resets
                0x100026cc       0x2c CMakeFiles/astcan_wifi.dir/C_/Users/suzum/.pico-sdk/sdk/2.2.0/src/rp2_common/pico_runtime_init/runtime_init.c.obj
                0x100026cc                runtime_init_early_resets
 .text.runtime_init_usb_power_down
                0x100026f8       0x1c CMakeFiles/astcan_wifi.dir/C_/Users/suzum/.pico-sdk/sdk/2.2.0/src/rp2_common/pico_runtime_init/runtime_init.c.obj
                0x100026f8                runtime_init_usb_power_down
 .text.runtime_init_post_clock_resets
                0x10002714       0x20 CMakeFiles/astcan_wifi.dir/C_/Users/suzum/.pico-sdk/sdk/2.2.0/src/rp2_common/pico_runtime_init/runtime_init.c.obj
                0x10002714                runtime_init_post_clock_resets
 .text.runtime_init_rp2040_gpio_ie_disable
                0x10002734       0x14 CMakeFiles/astcan_wifi.dir/C_/Users/suzum/.pico-sdk/sdk/2.2.0/src/rp2_common/pico_runtime_init/runtime_init.c.obj
                0x10002734                runtime_init_rp2040_gpio_ie_disable
 .text.runtime_init_spin_locks_reset
                0x10002748        0x8 CMakeFiles/astcan_wifi.dir/C_/Users/suzum/.pico-sdk/sdk/2.2.0/src/rp2_common/pico_runtime_init/runtime_init.c.obj
                0x10002748                runtime_init_spin_locks_reset
 .text.runtime_init_install_ram_vector_table
                0x10002750       0xb4 CMakeFiles/astcan_wifi.dir/C_/Users/suzum/.pico-sdk/sdk/2.2.0/src/rp2_common/pico_runtime_init/runtime_init.c.obj
                0x10002750                runtime_init_install_ram_vector_table
 .text.runtime_init_clocks
                0x10002804       0xd8 CMakeFiles/astcan_wifi.dir/C_/Users/suzum/.pico-sdk/sdk/2.2.0/src/rp2_common/pico_runtime_init/runtime_init_clocks.c.obj
                0x10002804                runtime_init_clocks
 .text          0x100028dc       0x10 CMakeFiles/astcan_wifi.dir/C_/Users/suzum/.pico-sdk/sdk/2.2.0/src/rp2_common/pico_bit_ops/bit_ops_aeabi.S.obj
 .text.ctzsi    0x100028ec        0xc CMakeFiles/astcan_wifi.dir/C_/Users/suzum/.pico-sdk/sdk/2.2.0/src/rp2_common/pico_bit_ops/bit_ops_aeabi.S.obj
                0x100028ec                __wrap___ctzsi2
 .text.__wrap___aeabi_idiv
                0x100028f8       0x50 CMakeFiles/astcan_wifi.dir/C_/Users/suzum/.pico-sdk/sdk/2.2.0/src/rp2_common/pico_divider/divider_hardware.S.obj
                0x100028f8                __wrap___aeabi_idivmod
                0x100028f8                divmod_s32s32
                0x100028f8                div_s32s32
                0x100028f8                __wrap___aeabi_idiv
                0x10002900                divmod_s32s32_unsafe
                0x1000292c                divmod_s32s32_savestate
 .text.__wrap___aeabi_uidiv
                0x10002948       0x4c CMakeFiles/astcan_wifi.dir/C_/Users/suzum/.pico-sdk/sdk/2.2.0/src/rp2_common/pico_divider/divider_hardware.S.obj
                0x10002948                __wrap___aeabi_uidiv
                0x10002948                __wrap___aeabi_uidivmod
                0x10002948                div_u32u32
                0x10002948                divmod_u32u32
                0x10002950                divmod_u32u32_unsafe
                0x10002978                divmod_u32u32_savestate
 .text.__wrap___aeabi_ldiv
                0x10002994      0x424 CMakeFiles/astcan_wifi.dir/C_/Users/suzum/.pico-sdk/sdk/2.2.0/src/rp2_common/pico_divider/divider_hardware.S.obj
                0x10002994                div_s64s64
                0x10002994                divmod_s64s64
                0x10002994                __wrap___aeabi_ldivmod
                0x100029c4                divmod_u64u64
                0x100029c4                div_u64u64
                0x100029c4                __wrap___aeabi_uldivmod
                0x100029d4                divmod_u64u64_savestate
                0x100029f4                divmod_s64s64_unsafe
                0x10002a7c                divmod_u64u64_unsafe
 .text.__wrap___aeabi_darithmetic
                0x10002db8       0x60 CMakeFiles/astcan_wifi.dir/C_/Users/suzum/.pico-sdk/sdk/2.2.0/src/rp2_common/pico_double/double_aeabi_rp2040.S.obj
                0x10002db8                __wrap___aeabi_drsub
                0x10002dbe                __wrap___aeabi_dsub
                0x10002dc8                __wrap___aeabi_dadd
                0x10002dd2                __wrap___aeabi_ddiv
                0x10002e06                __wrap___aeabi_dmul
 .text.__wrap___aeabi_cdcmple
                0x10002e18       0x6c CMakeFiles/astcan_wifi.dir/C_/Users/suzum/.pico-sdk/sdk/2.2.0/src/rp2_common/pico_double/double_aeabi_rp2040.S.obj
                0x10002e18                __wrap___aeabi_cdrcmple
                0x10002e28                __wrap___aeabi_cdcmpeq
                0x10002e28                __wrap___aeabi_cdcmple
 .text.__wrap___aeabi_dcmplt
                0x10002e84        0xc CMakeFiles/astcan_wifi.dir/C_/Users/suzum/.pico-sdk/sdk/2.2.0/src/rp2_common/pico_double/double_aeabi_rp2040.S.obj
                0x10002e84                __wrap___aeabi_dcmplt
 .text.__wrap___aeabi_dcmple
                0x10002e90       0x10 CMakeFiles/astcan_wifi.dir/C_/Users/suzum/.pico-sdk/sdk/2.2.0/src/rp2_common/pico_double/double_aeabi_rp2040.S.obj
                0x10002e90                __wrap___aeabi_dcmple
 .text.__wrap___aeabi_dcmpge
                0x10002ea0       0x10 CMakeFiles/astcan_wifi.dir/C_/Users/suzum/.pico-sdk/sdk/2.2.0/src/rp2_common/pico_double/double_aeabi_rp2040.S.obj
                0x10002ea0                __wrap___aeabi_dcmpge
 .text.__wrap___aeabi_dcmpgt
                0x10002eb0        0xa CMakeFiles/astcan_wifi.dir/C_/Users/suzum/.pico-sdk/sdk/2.2.0/src/rp2_common/pico_double/double_aeabi_rp2040.S.obj
                0x10002eb0                __wrap___aeabi_dcmpgt
 .text.__wrap___aeabi_dcmpun
                0x10002eba       0x18 CMakeFiles/astcan_wifi.dir/C_/Users/suzum/.pico-sdk/sdk/2.2.0/src/rp2_common/pico_double/double_aeabi_rp2040.S.obj
                0x10002eba                __wrap___aeabi_dcmpun
 *fill*         0x10002ed2        0x2 
 .text.__wrap___aeabi_i2d
                0x10002ed4       0x38 CMakeFiles/astcan_wifi.dir/C_/Users/suzum/.pico-sdk/sdk/2.2.0/src/rp2_common/pico_double/double_aeabi_rp2040.S.obj
                0x10002ed4                uint2double
                0x10002ed4                __wrap___aeabi_ui2d
                0x10002edc                int2double
                0x10002edc                __wrap___aeabi_i2d
 .text.__wrap___aeabi_d2iz
                0x10002f0c       0x48 CMakeFiles/astcan_wifi.dir/C_/Users/suzum/.pico-sdk/sdk/2.2.0/src/rp2_common/pico_double/double_aeabi_rp2040.S.obj
                0x10002f0c                double2int_z
                0x10002f0c                __wrap___aeabi_d2iz
 .text.__wrap___aeabi_d2uiz
                0x10002f54       0x10 CMakeFiles/astcan_wifi.dir/C_/Users/suzum/.pico-sdk/sdk/2.2.0/src/rp2_common/pico_double/double_aeabi_rp2040.S.obj
                0x10002f54                double2uint
                0x10002f54                __wrap___aeabi_d2uiz
                0x10002f54                double2uint_z
 .text.__wrap___aeabi_d2f
                0x10002f64       0x10 CMakeFiles/astcan_wifi.dir/C_/Users/suzum/.pico-sdk/sdk/2.2.0/src/rp2_common/pico_double/double_aeabi_rp2040.S.obj
                0x10002f64                __wrap___aeabi_d2f
 .text.missing_double_func_shim
                0x10002f74        0xc CMakeFiles/astcan_wifi.dir/C_/Users/suzum/.pico-sdk/sdk/2.2.0/src/rp2_common/pico_double/double_init_rom_rp2040.c.obj
 .text.__aeabi_double_init
                0x10002f80       0xa0 CMakeFiles/astcan_wifi.dir/C_/Users/suzum/.pico-sdk/sdk/2.2.0/src/rp2_common/pico_double/double_init_rom_rp2040.c.obj
                0x10002f80                __aeabi_double_init
 .text.double_table_shim_on_use_helper
                0x10003020       0x2c CMakeFiles/astcan_wifi.dir/C_/Users/suzum/.pico-sdk/sdk/2.2.0/src/rp2_common/pico_double/double_v1_rom_shim_rp2040.S.obj
                0x10003020                double_table_shim_on_use_helper
 .text.__aeabi_lmul
                0x1000304c       0x32 CMakeFiles/astcan_wifi.dir/C_/Users/suzum/.pico-sdk/sdk/2.2.0/src/rp2_common/pico_int64_ops/pico_int64_ops_aeabi.S.obj
                0x1000304c                __wrap___aeabi_lmul
 *fill*         0x1000307e        0x2 
 .text.__wrap___aeabi_farithmetic
                0x10003080       0x48 CMakeFiles/astcan_wifi.dir/C_/Users/suzum/.pico-sdk/sdk/2.2.0/src/rp2_common/pico_float/float_aeabi_rp2040.S.obj
                0x10003080                __wrap___aeabi_frsub
                0x10003086                __wrap___aeabi_fsub
                0x1000308c                __wrap___aeabi_fadd
                0x10003092                __wrap___aeabi_fdiv
                0x100030ba                __wrap___aeabi_fmul
 .text.__wrap___aeabi_cfcmple
                0x100030c8       0x50 CMakeFiles/astcan_wifi.dir/C_/Users/suzum/.pico-sdk/sdk/2.2.0/src/rp2_common/pico_float/float_aeabi_rp2040.S.obj
                0x100030c8                __wrap___aeabi_cfrcmple
                0x100030d4                __wrap___aeabi_cfcmple
                0x100030d4                __wrap___aeabi_cfcmpeq
 .text.__wrap___aeabi_fcmpeq
                0x10003118       0x10 CMakeFiles/astcan_wifi.dir/C_/Users/suzum/.pico-sdk/sdk/2.2.0/src/rp2_common/pico_float/float_aeabi_rp2040.S.obj
                0x10003118                __wrap___aeabi_fcmpeq
 .text.__wrap___aeabi_fcmplt
                0x10003128        0xc CMakeFiles/astcan_wifi.dir/C_/Users/suzum/.pico-sdk/sdk/2.2.0/src/rp2_common/pico_float/float_aeabi_rp2040.S.obj
                0x10003128                __wrap___aeabi_fcmplt
 .text.__wrap___aeabi_fcmpge
                0x10003134       0x10 CMakeFiles/astcan_wifi.dir/C_/Users/suzum/.pico-sdk/sdk/2.2.0/src/rp2_common/pico_float/float_aeabi_rp2040.S.obj
                0x10003134                __wrap___aeabi_fcmpge
 .text.__wrap___aeabi_fcmpgt
                0x10003144        0xa CMakeFiles/astcan_wifi.dir/C_/Users/suzum/.pico-sdk/sdk/2.2.0/src/rp2_common/pico_float/float_aeabi_rp2040.S.obj
                0x10003144                __wrap___aeabi_fcmpgt
 *fill*         0x1000314e        0x2 
 .text.__wrap___aeabi_i2f
                0x10003150       0x44 CMakeFiles/astcan_wifi.dir/C_/Users/suzum/.pico-sdk/sdk/2.2.0/src/rp2_common/pico_float/float_aeabi_rp2040.S.obj
                0x10003150                __wrap___aeabi_i2f
                0x10003150                int2float
 .text.__wrap___aeabi_f2d
                0x10003194        0xc CMakeFiles/astcan_wifi.dir/C_/Users/suzum/.pico-sdk/sdk/2.2.0/src/rp2_common/pico_float/float_aeabi_rp2040.S.obj
                0x10003194                __wrap___aeabi_f2d
 .text.__wrap_atan2f
                0x100031a0        0xc CMakeFiles/astcan_wifi.dir/C_/Users/suzum/.pico-sdk/sdk/2.2.0/src/rp2_common/pico_float/float_aeabi_rp2040.S.obj
                0x100031a0                __wrap_atan2f
 .text.missing_float_func_shim
                0x100031ac        0xc CMakeFiles/astcan_wifi.dir/C_/Users/suzum/.pico-sdk/sdk/2.2.0/src/rp2_common/pico_float/float_init_rom_rp2040.c.obj
 .text.__aeabi_float_init
                0x100031b8       0x5c CMakeFiles/astcan_wifi.dir/C_/Users/suzum/.pico-sdk/sdk/2.2.0/src/rp2_common/pico_float/float_init_rom_rp2040.c.obj
                0x100031b8                __aeabi_float_init
 .text.__wrap_malloc
                0x10003214       0x24 CMakeFiles/astcan_wifi.dir/C_/Users/suzum/.pico-sdk/sdk/2.2.0/src/rp2_common/pico_malloc/malloc.c.obj
                0x10003214                __wrap_malloc
 .text.__wrap_free
                0x10003238        0x8 CMakeFiles/astcan_wifi.dir/C_/Users/suzum/.pico-sdk/sdk/2.2.0/src/rp2_common/pico_malloc/malloc.c.obj
                0x10003238                __wrap_free
 .text          0x10003240       0x10 CMakeFiles/astcan_wifi.dir/C_/Users/suzum/.pico-sdk/sdk/2.2.0/src/rp2_common/pico_mem_ops/mem_ops_aeabi.S.obj
                0x10003240                __aeabi_mem_init
 .text.memset   0x10003250        0xc CMakeFiles/astcan_wifi.dir/C_/Users/suzum/.pico-sdk/sdk/2.2.0/src/rp2_common/pico_mem_ops/mem_ops_aeabi.S.obj
                0x10003250                __wrap_memset
 .text.memcpy   0x1000325c        0xc CMakeFiles/astcan_wifi.dir/C_/Users/suzum/.pico-sdk/sdk/2.2.0/src/rp2_common/pico_mem_ops/mem_ops_aeabi.S.obj
                0x1000325c                __wrap_memcpy
                0x1000325c                __wrap___aeabi_memcpy
 .text._out_buffer
                0x10003268        0x8 CMakeFiles/astcan_wifi.dir/C_/Users/suzum/.pico-sdk/sdk/2.2.0/src/rp2_common/pico_printf/printf.c.obj
 .text._out_null
                0x10003270        0x4 CMakeFiles/astcan_wifi.dir/C_/Users/suzum/.pico-sdk/sdk/2.2.0/src/rp2_common/pico_printf/printf.c.obj
 .text._out_rev
                0x10003274       0xac CMakeFiles/astcan_wifi.dir/C_/Users/suzum/.pico-sdk/sdk/2.2.0/src/rp2_common/pico_printf/printf.c.obj
 .text._ntoa_format
                0x10003320      0x1cc CMakeFiles/astcan_wifi.dir/C_/Users/suzum/.pico-sdk/sdk/2.2.0/src/rp2_common/pico_printf/printf.c.obj
 .text._out_char
                0x100034ec       0x10 CMakeFiles/astcan_wifi.dir/C_/Users/suzum/.pico-sdk/sdk/2.2.0/src/rp2_common/pico_printf/printf.c.obj
 .text._out_fct
                0x100034fc       0x10 CMakeFiles/astcan_wifi.dir/C_/Users/suzum/.pico-sdk/sdk/2.2.0/src/rp2_common/pico_printf/printf.c.obj
 .text._ftoa    0x1000350c      0x4a8 CMakeFiles/astcan_wifi.dir/C_/Users/suzum/.pico-sdk/sdk/2.2.0/src/rp2_common/pico_printf/printf.c.obj
 .text._etoa    0x100039b4      0x57c CMakeFiles/astcan_wifi.dir/C_/Users/suzum/.pico-sdk/sdk/2.2.0/src/rp2_common/pico_printf/printf.c.obj
 .text._vsnprintf
                0x10003f30      0xbe0 CMakeFiles/astcan_wifi.dir/C_/Users/suzum/.pico-sdk/sdk/2.2.0/src/rp2_common/pico_printf/printf.c.obj
 .text.__wrap_sprintf
                0x10004b10       0x2c CMakeFiles/astcan_wifi.dir/C_/Users/suzum/.pico-sdk/sdk/2.2.0/src/rp2_common/pico_printf/printf.c.obj
                0x10004b10                __wrap_sprintf
 .text.vfctprintf
                0x10004b3c       0x24 CMakeFiles/astcan_wifi.dir/C_/Users/suzum/.pico-sdk/sdk/2.2.0/src/rp2_common/pico_printf/printf.c.obj
                0x10004b3c                vfctprintf
 .text.weak_raw_vprintf
                0x10004b60       0x30 CMakeFiles/astcan_wifi.dir/C_/Users/suzum/.pico-sdk/sdk/2.2.0/src/rp2_common/pico_printf/printf.c.obj
                0x10004b60                weak_raw_vprintf
 .text._exit    0x10004b90        0x4 CMakeFiles/astcan_wifi.dir/C_/Users/suzum/.pico-sdk/sdk/2.2.0/src/rp2_common/pico_clib_interface/newlib_interface.c.obj
                0x10004b90                _exit
 .text._sbrk    0x10004b94       0x34 CMakeFiles/astcan_wifi.dir/C_/Users/suzum/.pico-sdk/sdk/2.2.0/src/rp2_common/pico_clib_interface/newlib_interface.c.obj
                0x10004b94                _sbrk
 .text._read    0x10004bc8       0x24 CMakeFiles/astcan_wifi.dir/C_/Users/suzum/.pico-sdk/sdk/2.2.0/src/rp2_common/pico_clib_interface/newlib_interface.c.obj
                0x10004bc8                _read
 .text._write   0x10004bec       0x24 CMakeFiles/astcan_wifi.dir/C_/Users/suzum/.pico-sdk/sdk/2.2.0/src/rp2_common/pico_clib_interface/newlib_interface.c.obj
                0x10004bec                _write
 .text._close   0x10004c10        0x8 CMakeFiles/astcan_wifi.dir/C_/Users/suzum/.pico-sdk/sdk/2.2.0/src/rp2_common/pico_clib_interface/newlib_interface.c.obj
                0x10004c10                _close
 .text._lseek   0x10004c18        0x8 CMakeFiles/astcan_wifi.dir/C_/Users/suzum/.pico-sdk/sdk/2.2.0/src/rp2_common/pico_clib_interface/newlib_interface.c.obj
                0x10004c18                _lseek
 .text.exit     0x10004c20        0x8 CMakeFiles/astcan_wifi.dir/C_/Users/suzum/.pico-sdk/sdk/2.2.0/src/rp2_common/pico_clib_interface/newlib_interface.c.obj
                0x10004c20                exit
 .text.runtime_init
                0x10004c28       0x2c CMakeFiles/astcan_wifi.dir/C_/Users/suzum/.pico-sdk/sdk/2.2.0/src/rp2_common/pico_clib_interface/newlib_interface.c.obj
                0x10004c28                runtime_init
 .text.stdio_out_chars_no_crlf
                0x10004c54       0x10 CMakeFiles/astcan_wifi.dir/C_/Users/suzum/.pico-sdk/sdk/2.2.0/src/rp2_common/pico_stdio/stdio.c.obj
 .text.stdio_out_chars_crlf
                0x10004c64       0xb0 CMakeFiles/astcan_wifi.dir/C_/Users/suzum/.pico-sdk/sdk/2.2.0/src/rp2_common/pico_stdio/stdio.c.obj
 .text.stdio_buffered_printer
                0x10004d14       0x64 CMakeFiles/astcan_wifi.dir/C_/Users/suzum/.pico-sdk/sdk/2.2.0/src/rp2_common/pico_stdio/stdio.c.obj
 .text.stdio_put_string
                0x10004d78       0xfc CMakeFiles/astcan_wifi.dir/C_/Users/suzum/.pico-sdk/sdk/2.2.0/src/rp2_common/pico_stdio/stdio.c.obj
                0x10004d78                stdio_put_string
 .text.stdio_get_until
                0x10004e74       0x84 CMakeFiles/astcan_wifi.dir/C_/Users/suzum/.pico-sdk/sdk/2.2.0/src/rp2_common/pico_stdio/stdio.c.obj
                0x10004e74                stdio_get_until
 .text.stdio_set_driver_enabled
                0x10004ef8       0x30 CMakeFiles/astcan_wifi.dir/C_/Users/suzum/.pico-sdk/sdk/2.2.0/src/rp2_common/pico_stdio/stdio.c.obj
                0x10004ef8                stdio_set_driver_enabled
 .text.stdio_init_all
                0x10004f28       0x10 CMakeFiles/astcan_wifi.dir/C_/Users/suzum/.pico-sdk/sdk/2.2.0/src/rp2_common/pico_stdio/stdio.c.obj
                0x10004f28                stdio_init_all
 .text.__wrap_putchar
                0x10004f38       0x94 CMakeFiles/astcan_wifi.dir/C_/Users/suzum/.pico-sdk/sdk/2.2.0/src/rp2_common/pico_stdio/stdio.c.obj
                0x10004f38                __wrap_putchar
                0x10004f38                stdio_putchar
 .text.__wrap_puts
                0x10004fcc       0x3c CMakeFiles/astcan_wifi.dir/C_/Users/suzum/.pico-sdk/sdk/2.2.0/src/rp2_common/pico_stdio/stdio.c.obj
                0x10004fcc                stdio_puts
                0x10004fcc                __wrap_puts
 .text.__wrap_vprintf
                0x10005008       0xcc CMakeFiles/astcan_wifi.dir/C_/Users/suzum/.pico-sdk/sdk/2.2.0/src/rp2_common/pico_stdio/stdio.c.obj
                0x10005008                stdio_vprintf
                0x10005008                __wrap_vprintf
 .text.__wrap_printf
                0x100050d4       0x18 CMakeFiles/astcan_wifi.dir/C_/Users/suzum/.pico-sdk/sdk/2.2.0/src/rp2_common/pico_stdio/stdio.c.obj
                0x100050d4                __wrap_printf
                0x100050d4                stdio_printf
 .text.stdio_uart_out_chars
                0x100050ec       0x4c CMakeFiles/astcan_wifi.dir/C_/Users/suzum/.pico-sdk/sdk/2.2.0/src/rp2_common/pico_stdio_uart/stdio_uart.c.obj
 .text.stdio_uart_in_chars
                0x10005138       0x90 CMakeFiles/astcan_wifi.dir/C_/Users/suzum/.pico-sdk/sdk/2.2.0/src/rp2_common/pico_stdio_uart/stdio_uart.c.obj
                0x10005138                stdio_uart_in_chars
 .text.on_uart_rx
                0x100051c8       0x28 CMakeFiles/astcan_wifi.dir/C_/Users/suzum/.pico-sdk/sdk/2.2.0/src/rp2_common/pico_stdio_uart/stdio_uart.c.obj
 .text.stdio_uart_out_flush
                0x100051f0       0x14 CMakeFiles/astcan_wifi.dir/C_/Users/suzum/.pico-sdk/sdk/2.2.0/src/rp2_common/pico_stdio_uart/stdio_uart.c.obj
 .text.stdio_uart_set_chars_available_callback
                0x10005204       0x84 CMakeFiles/astcan_wifi.dir/C_/Users/suzum/.pico-sdk/sdk/2.2.0/src/rp2_common/pico_stdio_uart/stdio_uart.c.obj
 .text.stdio_uart_init
                0x10005288       0x50 CMakeFiles/astcan_wifi.dir/C_/Users/suzum/.pico-sdk/sdk/2.2.0/src/rp2_common/pico_stdio_uart/stdio_uart.c.obj
                0x10005288                stdio_uart_init
 .text.resetd_init
                0x100052d8        0x4 CMakeFiles/astcan_wifi.dir/C_/Users/suzum/.pico-sdk/sdk/2.2.0/src/rp2_common/pico_stdio_usb/reset_interface.c.obj
 .text.resetd_reset
                0x100052dc        0xc CMakeFiles/astcan_wifi.dir/C_/Users/suzum/.pico-sdk/sdk/2.2.0/src/rp2_common/pico_stdio_usb/reset_interface.c.obj
 .text.resetd_open
                0x100052e8       0x28 CMakeFiles/astcan_wifi.dir/C_/Users/suzum/.pico-sdk/sdk/2.2.0/src/rp2_common/pico_stdio_usb/reset_interface.c.obj
 .text.resetd_xfer_cb
                0x10005310        0x4 CMakeFiles/astcan_wifi.dir/C_/Users/suzum/.pico-sdk/sdk/2.2.0/src/rp2_common/pico_stdio_usb/reset_interface.c.obj
 .text.resetd_control_xfer_cb
                0x10005314       0x54 CMakeFiles/astcan_wifi.dir/C_/Users/suzum/.pico-sdk/sdk/2.2.0/src/rp2_common/pico_stdio_usb/reset_interface.c.obj
 .text.tud_descriptor_bos_cb
                0x10005368        0x8 CMakeFiles/astcan_wifi.dir/C_/Users/suzum/.pico-sdk/sdk/2.2.0/src/rp2_common/pico_stdio_usb/reset_interface.c.obj
                0x10005368                tud_descriptor_bos_cb
 .text.tud_vendor_control_xfer_cb
                0x10005370       0x34 CMakeFiles/astcan_wifi.dir/C_/Users/suzum/.pico-sdk/sdk/2.2.0/src/rp2_common/pico_stdio_usb/reset_interface.c.obj
                0x10005370                tud_vendor_control_xfer_cb
 .text.usbd_app_driver_get_cb
                0x100053a4        0xc CMakeFiles/astcan_wifi.dir/C_/Users/suzum/.pico-sdk/sdk/2.2.0/src/rp2_common/pico_stdio_usb/reset_interface.c.obj
                0x100053a4                usbd_app_driver_get_cb
 .text.tud_cdc_line_coding_cb
                0x100053b0       0x2c CMakeFiles/astcan_wifi.dir/C_/Users/suzum/.pico-sdk/sdk/2.2.0/src/rp2_common/pico_stdio_usb/reset_interface.c.obj
                0x100053b0                tud_cdc_line_coding_cb
 .text.stdio_usb_set_chars_available_callback
                0x100053dc       0x14 CMakeFiles/astcan_wifi.dir/C_/Users/suzum/.pico-sdk/sdk/2.2.0/src/rp2_common/pico_stdio_usb/stdio_usb.c.obj
                0x100053dc                stdio_usb_set_chars_available_callback
 .text.usb_irq  0x100053f0       0x10 CMakeFiles/astcan_wifi.dir/C_/Users/suzum/.pico-sdk/sdk/2.2.0/src/rp2_common/pico_stdio_usb/stdio_usb.c.obj
 .text.timer_task
                0x10005400       0x64 CMakeFiles/astcan_wifi.dir/C_/Users/suzum/.pico-sdk/sdk/2.2.0/src/rp2_common/pico_stdio_usb/stdio_usb.c.obj
 .text.stdio_usb_in_chars
                0x10005464       0x8c CMakeFiles/astcan_wifi.dir/C_/Users/suzum/.pico-sdk/sdk/2.2.0/src/rp2_common/pico_stdio_usb/stdio_usb.c.obj
                0x10005464                stdio_usb_in_chars
 .text.stdio_usb_out_flush
                0x100054f0       0x4c CMakeFiles/astcan_wifi.dir/C_/Users/suzum/.pico-sdk/sdk/2.2.0/src/rp2_common/pico_stdio_usb/stdio_usb.c.obj
 .text.stdio_usb_out_chars
                0x1000553c      0x100 CMakeFiles/astcan_wifi.dir/C_/Users/suzum/.pico-sdk/sdk/2.2.0/src/rp2_common/pico_stdio_usb/stdio_usb.c.obj
 .text.low_priority_worker_irq
                0x1000563c       0xc8 CMakeFiles/astcan_wifi.dir/C_/Users/suzum/.pico-sdk/sdk/2.2.0/src/rp2_common/pico_stdio_usb/stdio_usb.c.obj
 .text.stdio_usb_init
                0x10005704       0xe8 CMakeFiles/astcan_wifi.dir/C_/Users/suzum/.pico-sdk/sdk/2.2.0/src/rp2_common/pico_stdio_usb/stdio_usb.c.obj
                0x10005704                stdio_usb_init
 .text.tud_descriptor_device_cb
                0x100057ec        0x8 CMakeFiles/astcan_wifi.dir/C_/Users/suzum/.pico-sdk/sdk/2.2.0/src/rp2_common/pico_stdio_usb/stdio_usb_descriptors.c.obj
                0x100057ec                tud_descriptor_device_cb
 .text.tud_descriptor_configuration_cb
                0x100057f4        0x8 CMakeFiles/astcan_wifi.dir/C_/Users/suzum/.pico-sdk/sdk/2.2.0/src/rp2_common/pico_stdio_usb/stdio_usb_descriptors.c.obj
                0x100057f4                tud_descriptor_configuration_cb
 .text.tud_descriptor_string_cb
                0x100057fc       0x78 CMakeFiles/astcan_wifi.dir/C_/Users/suzum/.pico-sdk/sdk/2.2.0/src/rp2_common/pico_stdio_usb/stdio_usb_descriptors.c.obj
                0x100057fc                tud_descriptor_string_cb
 .text.startup._retrieve_unique_id_on_boot
                0x10005874       0x10 CMakeFiles/astcan_wifi.dir/C_/Users/suzum/.pico-sdk/sdk/2.2.0/src/rp2_common/pico_unique_id/unique_id.c.obj
 .text.pico_get_unique_board_id
                0x10005884       0x10 CMakeFiles/astcan_wifi.dir/C_/Users/suzum/.pico-sdk/sdk/2.2.0/src/rp2_common/pico_unique_id/unique_id.c.obj
                0x10005884                pico_get_unique_board_id
 .text.pico_get_unique_board_id_string
                0x10005894      0x1a8 CMakeFiles/astcan_wifi.dir/C_/Users/suzum/.pico-sdk/sdk/2.2.0/src/rp2_common/pico_unique_id/unique_id.c.obj
                0x10005894                pico_get_unique_board_id_string
 .text.flash_get_unique_id
                0x10005a3c       0x3c CMakeFiles/astcan_wifi.dir/C_/Users/suzum/.pico-sdk/sdk/2.2.0/src/rp2_common/hardware_flash/flash.c.obj
                0x10005a3c                flash_get_unique_id
 .text.dcd_init
                0x10005a78       0x90 CMakeFiles/astcan_wifi.dir/C_/Users/suzum/.pico-sdk/sdk/2.2.0/lib/tinyusb/src/portable/raspberrypi/rp2040/dcd_rp2040.c.obj
                0x10005a78                dcd_init
 .text.dcd_int_enable
                0x10005b08        0xc CMakeFiles/astcan_wifi.dir/C_/Users/suzum/.pico-sdk/sdk/2.2.0/lib/tinyusb/src/portable/raspberrypi/rp2040/dcd_rp2040.c.obj
                0x10005b08                dcd_int_enable
 .text.dcd_set_address
                0x10005b14       0x14 CMakeFiles/astcan_wifi.dir/C_/Users/suzum/.pico-sdk/sdk/2.2.0/lib/tinyusb/src/portable/raspberrypi/rp2040/dcd_rp2040.c.obj
                0x10005b14                dcd_set_address
 .text.dcd_sof_enable
                0x10005b28       0x1c CMakeFiles/astcan_wifi.dir/C_/Users/suzum/.pico-sdk/sdk/2.2.0/lib/tinyusb/src/portable/raspberrypi/rp2040/dcd_rp2040.c.obj
                0x10005b28                dcd_sof_enable
 .text.dcd_edpt0_status_complete
                0x10005b44       0x1c CMakeFiles/astcan_wifi.dir/C_/Users/suzum/.pico-sdk/sdk/2.2.0/lib/tinyusb/src/portable/raspberrypi/rp2040/dcd_rp2040.c.obj
                0x10005b44                dcd_edpt0_status_complete
 .text.dcd_edpt_open
                0x10005b60      0x114 CMakeFiles/astcan_wifi.dir/C_/Users/suzum/.pico-sdk/sdk/2.2.0/lib/tinyusb/src/portable/raspberrypi/rp2040/dcd_rp2040.c.obj
                0x10005b60                dcd_edpt_open
 .text.dcd_edpt_close_all
                0x10005c74        0x8 CMakeFiles/astcan_wifi.dir/C_/Users/suzum/.pico-sdk/sdk/2.2.0/lib/tinyusb/src/portable/raspberrypi/rp2040/dcd_rp2040.c.obj
                0x10005c74                dcd_edpt_close_all
 .text.dcd_edpt_xfer
                0x10005c7c       0x24 CMakeFiles/astcan_wifi.dir/C_/Users/suzum/.pico-sdk/sdk/2.2.0/lib/tinyusb/src/portable/raspberrypi/rp2040/dcd_rp2040.c.obj
                0x10005c7c                dcd_edpt_xfer
 .text.dcd_edpt_stall
                0x10005ca0       0x3c CMakeFiles/astcan_wifi.dir/C_/Users/suzum/.pico-sdk/sdk/2.2.0/lib/tinyusb/src/portable/raspberrypi/rp2040/dcd_rp2040.c.obj
                0x10005ca0                dcd_edpt_stall
 .text.dcd_edpt_clear_stall
                0x10005cdc       0x30 CMakeFiles/astcan_wifi.dir/C_/Users/suzum/.pico-sdk/sdk/2.2.0/lib/tinyusb/src/portable/raspberrypi/rp2040/dcd_rp2040.c.obj
                0x10005cdc                dcd_edpt_clear_stall
 .text.rp2040_usb_init
                0x10005d0c       0x40 CMakeFiles/astcan_wifi.dir/C_/Users/suzum/.pico-sdk/sdk/2.2.0/lib/tinyusb/src/portable/raspberrypi/rp2040/rp2040_usb.c.obj
                0x10005d0c                rp2040_usb_init
 .text.hw_endpoint_xfer_start
                0x10005d4c       0x40 CMakeFiles/astcan_wifi.dir/C_/Users/suzum/.pico-sdk/sdk/2.2.0/lib/tinyusb/src/portable/raspberrypi/rp2040/rp2040_usb.c.obj
                0x10005d4c                hw_endpoint_xfer_start
 .text.tud_event_hook_cb
                0x10005d8c        0x4 CMakeFiles/astcan_wifi.dir/C_/Users/suzum/.pico-sdk/sdk/2.2.0/lib/tinyusb/src/device/usbd.c.obj
                0x10005d8c                tud_event_hook_cb
 .text.tud_sof_cb
                0x10005d90        0x4 CMakeFiles/astcan_wifi.dir/C_/Users/suzum/.pico-sdk/sdk/2.2.0/lib/tinyusb/src/device/usbd.c.obj
                0x10005d90                tud_sof_cb
 .text.tud_descriptor_device_qualifier_cb
                0x10005d94        0x4 CMakeFiles/astcan_wifi.dir/C_/Users/suzum/.pico-sdk/sdk/2.2.0/lib/tinyusb/src/device/usbd.c.obj
                0x10005d94                tud_descriptor_device_qualifier_cb
 .text.tud_descriptor_other_speed_configuration_cb
                0x10005d98        0x4 CMakeFiles/astcan_wifi.dir/C_/Users/suzum/.pico-sdk/sdk/2.2.0/lib/tinyusb/src/device/usbd.c.obj
                0x10005d98                tud_descriptor_other_speed_configuration_cb
 .text.tud_mount_cb
                0x10005d9c        0x4 CMakeFiles/astcan_wifi.dir/C_/Users/suzum/.pico-sdk/sdk/2.2.0/lib/tinyusb/src/device/usbd.c.obj
                0x10005d9c                tud_mount_cb
 .text.tud_umount_cb
                0x10005da0        0x4 CMakeFiles/astcan_wifi.dir/C_/Users/suzum/.pico-sdk/sdk/2.2.0/lib/tinyusb/src/device/usbd.c.obj
                0x10005da0                tud_umount_cb
 .text.tud_suspend_cb
                0x10005da4        0x4 CMakeFiles/astcan_wifi.dir/C_/Users/suzum/.pico-sdk/sdk/2.2.0/lib/tinyusb/src/device/usbd.c.obj
                0x10005da4                tud_suspend_cb
 .text.tud_resume_cb
                0x10005da8        0x4 CMakeFiles/astcan_wifi.dir/C_/Users/suzum/.pico-sdk/sdk/2.2.0/lib/tinyusb/src/device/usbd.c.obj
                0x10005da8                tud_resume_cb
 .text.tud_mounted
                0x10005dac       0x10 CMakeFiles/astcan_wifi.dir/C_/Users/suzum/.pico-sdk/sdk/2.2.0/lib/tinyusb/src/device/usbd.c.obj
                0x10005dac                tud_mounted
 .text.tud_suspended
                0x10005dbc       0x10 CMakeFiles/astcan_wifi.dir/C_/Users/suzum/.pico-sdk/sdk/2.2.0/lib/tinyusb/src/device/usbd.c.obj
                0x10005dbc                tud_suspended
 .text.tud_rhport_init
                0x10005dcc       0xf4 CMakeFiles/astcan_wifi.dir/C_/Users/suzum/.pico-sdk/sdk/2.2.0/lib/tinyusb/src/device/usbd.c.obj
                0x10005dcc                tud_rhport_init
 .text.tud_task_ext
                0x10005ec0      0x800 CMakeFiles/astcan_wifi.dir/C_/Users/suzum/.pico-sdk/sdk/2.2.0/lib/tinyusb/src/device/usbd.c.obj
                0x10005ec0                tud_task_ext
 .text.usbd_open_edpt_pair
                0x100066c0       0x9c CMakeFiles/astcan_wifi.dir/C_/Users/suzum/.pico-sdk/sdk/2.2.0/lib/tinyusb/src/device/usbd.c.obj
                0x100066c0                usbd_open_edpt_pair
 .text.usbd_edpt_open
                0x1000675c       0x34 CMakeFiles/astcan_wifi.dir/C_/Users/suzum/.pico-sdk/sdk/2.2.0/lib/tinyusb/src/device/usbd.c.obj
                0x1000675c                usbd_edpt_open
 .text.usbd_edpt_claim
                0x10006790       0x28 CMakeFiles/astcan_wifi.dir/C_/Users/suzum/.pico-sdk/sdk/2.2.0/lib/tinyusb/src/device/usbd.c.obj
                0x10006790                usbd_edpt_claim
 .text.usbd_edpt_release
                0x100067b8       0x28 CMakeFiles/astcan_wifi.dir/C_/Users/suzum/.pico-sdk/sdk/2.2.0/lib/tinyusb/src/device/usbd.c.obj
                0x100067b8                usbd_edpt_release
 .text.usbd_edpt_xfer
                0x100067e0       0x4c CMakeFiles/astcan_wifi.dir/C_/Users/suzum/.pico-sdk/sdk/2.2.0/lib/tinyusb/src/device/usbd.c.obj
                0x100067e0                usbd_edpt_xfer
 .text.tud_control_status
                0x1000682c       0x2c CMakeFiles/astcan_wifi.dir/C_/Users/suzum/.pico-sdk/sdk/2.2.0/lib/tinyusb/src/device/usbd_control.c.obj
                0x1000682c                tud_control_status
 .text.tud_control_xfer
                0x10006858       0xa8 CMakeFiles/astcan_wifi.dir/C_/Users/suzum/.pico-sdk/sdk/2.2.0/lib/tinyusb/src/device/usbd_control.c.obj
                0x10006858                tud_control_xfer
 .text.usbd_control_reset
                0x10006900       0x14 CMakeFiles/astcan_wifi.dir/C_/Users/suzum/.pico-sdk/sdk/2.2.0/lib/tinyusb/src/device/usbd_control.c.obj
                0x10006900                usbd_control_reset
 .text.usbd_control_set_complete_callback
                0x10006914        0xc CMakeFiles/astcan_wifi.dir/C_/Users/suzum/.pico-sdk/sdk/2.2.0/lib/tinyusb/src/device/usbd_control.c.obj
                0x10006914                usbd_control_set_complete_callback
 .text.usbd_control_set_request
                0x10006920       0x1c CMakeFiles/astcan_wifi.dir/C_/Users/suzum/.pico-sdk/sdk/2.2.0/lib/tinyusb/src/device/usbd_control.c.obj
                0x10006920                usbd_control_set_request
 .text.usbd_control_xfer_cb
                0x1000693c       0xec CMakeFiles/astcan_wifi.dir/C_/Users/suzum/.pico-sdk/sdk/2.2.0/lib/tinyusb/src/device/usbd_control.c.obj
                0x1000693c                usbd_control_xfer_cb
 .text._prep_out_transaction.isra.0
                0x10006a28       0x6c CMakeFiles/astcan_wifi.dir/C_/Users/suzum/.pico-sdk/sdk/2.2.0/lib/tinyusb/src/class/cdc/cdc_device.c.obj
 .text.tud_cdc_n_connected
                0x10006a94       0x2c CMakeFiles/astcan_wifi.dir/C_/Users/suzum/.pico-sdk/sdk/2.2.0/lib/tinyusb/src/class/cdc/cdc_device.c.obj
                0x10006a94                tud_cdc_n_connected
 .text.tud_cdc_n_available
                0x10006ac0       0x14 CMakeFiles/astcan_wifi.dir/C_/Users/suzum/.pico-sdk/sdk/2.2.0/lib/tinyusb/src/class/cdc/cdc_device.c.obj
                0x10006ac0                tud_cdc_n_available
 .text.tud_cdc_n_read
                0x10006ad4       0x88 CMakeFiles/astcan_wifi.dir/C_/Users/suzum/.pico-sdk/sdk/2.2.0/lib/tinyusb/src/class/cdc/cdc_device.c.obj
                0x10006ad4                tud_cdc_n_read
 .text.tud_cdc_n_write_flush
                0x10006b5c       0x74 CMakeFiles/astcan_wifi.dir/C_/Users/suzum/.pico-sdk/sdk/2.2.0/lib/tinyusb/src/class/cdc/cdc_device.c.obj
                0x10006b5c                tud_cdc_n_write_flush
 .text.tud_cdc_n_write
                0x10006bd0       0x40 CMakeFiles/astcan_wifi.dir/C_/Users/suzum/.pico-sdk/sdk/2.2.0/lib/tinyusb/src/class/cdc/cdc_device.c.obj
                0x10006bd0                tud_cdc_n_write
 .text.tud_cdc_n_write_available
                0x10006c10       0x14 CMakeFiles/astcan_wifi.dir/C_/Users/suzum/.pico-sdk/sdk/2.2.0/lib/tinyusb/src/class/cdc/cdc_device.c.obj
                0x10006c10                tud_cdc_n_write_available
 .text.cdcd_init
                0x10006c24       0x70 CMakeFiles/astcan_wifi.dir/C_/Users/suzum/.pico-sdk/sdk/2.2.0/lib/tinyusb/src/class/cdc/cdc_device.c.obj
                0x10006c24                cdcd_init
 .text.cdcd_deinit
                0x10006c94       0x30 CMakeFiles/astcan_wifi.dir/C_/Users/suzum/.pico-sdk/sdk/2.2.0/lib/tinyusb/src/class/cdc/cdc_device.c.obj
                0x10006c94                cdcd_deinit
 .text.cdcd_reset
                0x10006cc4       0x4c CMakeFiles/astcan_wifi.dir/C_/Users/suzum/.pico-sdk/sdk/2.2.0/lib/tinyusb/src/class/cdc/cdc_device.c.obj
                0x10006cc4                cdcd_reset
 .text.cdcd_open
                0x10006d10       0xa4 CMakeFiles/astcan_wifi.dir/C_/Users/suzum/.pico-sdk/sdk/2.2.0/lib/tinyusb/src/class/cdc/cdc_device.c.obj
                0x10006d10                cdcd_open
 .text.cdcd_control_xfer_cb
                0x10006db4       0xe8 CMakeFiles/astcan_wifi.dir/C_/Users/suzum/.pico-sdk/sdk/2.2.0/lib/tinyusb/src/class/cdc/cdc_device.c.obj
                0x10006db4                cdcd_control_xfer_cb
 .text.cdcd_xfer_cb
                0x10006e9c      0x100 CMakeFiles/astcan_wifi.dir/C_/Users/suzum/.pico-sdk/sdk/2.2.0/lib/tinyusb/src/class/cdc/cdc_device.c.obj
                0x10006e9c                cdcd_xfer_cb
 .text.vendord_init
                0x10006f9c       0x5c CMakeFiles/astcan_wifi.dir/C_/Users/suzum/.pico-sdk/sdk/2.2.0/lib/tinyusb/src/class/vendor/vendor_device.c.obj
                0x10006f9c                vendord_init
 .text.vendord_deinit
                0x10006ff8       0x1c CMakeFiles/astcan_wifi.dir/C_/Users/suzum/.pico-sdk/sdk/2.2.0/lib/tinyusb/src/class/vendor/vendor_device.c.obj
                0x10006ff8                vendord_deinit
 .text.vendord_reset
                0x10007014       0x28 CMakeFiles/astcan_wifi.dir/C_/Users/suzum/.pico-sdk/sdk/2.2.0/lib/tinyusb/src/class/vendor/vendor_device.c.obj
                0x10007014                vendord_reset
 .text.vendord_open
                0x1000703c      0x120 CMakeFiles/astcan_wifi.dir/C_/Users/suzum/.pico-sdk/sdk/2.2.0/lib/tinyusb/src/class/vendor/vendor_device.c.obj
                0x1000703c                vendord_open
 .text.vendord_xfer_cb
                0x1000715c       0x9c CMakeFiles/astcan_wifi.dir/C_/Users/suzum/.pico-sdk/sdk/2.2.0/lib/tinyusb/src/class/vendor/vendor_device.c.obj
                0x1000715c                vendord_xfer_cb
 .text.tusb_rhport_init
                0x100071f8       0x4c CMakeFiles/astcan_wifi.dir/C_/Users/suzum/.pico-sdk/sdk/2.2.0/lib/tinyusb/src/tusb.c.obj
                0x100071f8                tusb_rhport_init
 .text.tu_edpt_claim
                0x10007244       0x50 CMakeFiles/astcan_wifi.dir/C_/Users/suzum/.pico-sdk/sdk/2.2.0/lib/tinyusb/src/tusb.c.obj
                0x10007244                tu_edpt_claim
 .text.tu_edpt_release
                0x10007294       0x38 CMakeFiles/astcan_wifi.dir/C_/Users/suzum/.pico-sdk/sdk/2.2.0/lib/tinyusb/src/tusb.c.obj
                0x10007294                tu_edpt_release
 .text.tu_edpt_validate
                0x100072cc       0x7c CMakeFiles/astcan_wifi.dir/C_/Users/suzum/.pico-sdk/sdk/2.2.0/lib/tinyusb/src/tusb.c.obj
                0x100072cc                tu_edpt_validate
 .text.tu_edpt_bind_driver
                0x10007348       0x34 CMakeFiles/astcan_wifi.dir/C_/Users/suzum/.pico-sdk/sdk/2.2.0/lib/tinyusb/src/tusb.c.obj
                0x10007348                tu_edpt_bind_driver
 .text.tu_edpt_stream_init
                0x1000737c       0x6c CMakeFiles/astcan_wifi.dir/C_/Users/suzum/.pico-sdk/sdk/2.2.0/lib/tinyusb/src/tusb.c.obj
                0x1000737c                tu_edpt_stream_init
 .text.tu_edpt_stream_deinit
                0x100073e8        0x4 CMakeFiles/astcan_wifi.dir/C_/Users/suzum/.pico-sdk/sdk/2.2.0/lib/tinyusb/src/tusb.c.obj
                0x100073e8                tu_edpt_stream_deinit
 .text.tu_edpt_stream_write_zlp_if_needed
                0x100073ec       0x68 CMakeFiles/astcan_wifi.dir/C_/Users/suzum/.pico-sdk/sdk/2.2.0/lib/tinyusb/src/tusb.c.obj
                0x100073ec                tu_edpt_stream_write_zlp_if_needed
 .text.tu_edpt_stream_write_xfer
                0x10007454       0x68 CMakeFiles/astcan_wifi.dir/C_/Users/suzum/.pico-sdk/sdk/2.2.0/lib/tinyusb/src/tusb.c.obj
                0x10007454                tu_edpt_stream_write_xfer
 .text.tu_edpt_stream_read_xfer
                0x100074bc       0xd8 CMakeFiles/astcan_wifi.dir/C_/Users/suzum/.pico-sdk/sdk/2.2.0/lib/tinyusb/src/tusb.c.obj
                0x100074bc                tu_edpt_stream_read_xfer
 .text.tu_fifo_config
                0x10007594       0x6c CMakeFiles/astcan_wifi.dir/C_/Users/suzum/.pico-sdk/sdk/2.2.0/lib/tinyusb/src/common/tusb_fifo.c.obj
                0x10007594                tu_fifo_config
 .text.tu_fifo_count
                0x10007600       0x2c CMakeFiles/astcan_wifi.dir/C_/Users/suzum/.pico-sdk/sdk/2.2.0/lib/tinyusb/src/common/tusb_fifo.c.obj
                0x10007600                tu_fifo_count
 .text.tu_fifo_empty
                0x1000762c       0x10 CMakeFiles/astcan_wifi.dir/C_/Users/suzum/.pico-sdk/sdk/2.2.0/lib/tinyusb/src/common/tusb_fifo.c.obj
                0x1000762c                tu_fifo_empty
 .text.tu_fifo_remaining
                0x1000763c       0x2c CMakeFiles/astcan_wifi.dir/C_/Users/suzum/.pico-sdk/sdk/2.2.0/lib/tinyusb/src/common/tusb_fifo.c.obj
                0x1000763c                tu_fifo_remaining
 .text.tu_fifo_read
                0x10007668       0x9c CMakeFiles/astcan_wifi.dir/C_/Users/suzum/.pico-sdk/sdk/2.2.0/lib/tinyusb/src/common/tusb_fifo.c.obj
                0x10007668                tu_fifo_read
 .text.tu_fifo_read_n
                0x10007704       0xe8 CMakeFiles/astcan_wifi.dir/C_/Users/suzum/.pico-sdk/sdk/2.2.0/lib/tinyusb/src/common/tusb_fifo.c.obj
                0x10007704                tu_fifo_read_n
 .text.tu_fifo_write
                0x100077ec       0xa4 CMakeFiles/astcan_wifi.dir/C_/Users/suzum/.pico-sdk/sdk/2.2.0/lib/tinyusb/src/common/tusb_fifo.c.obj
                0x100077ec                tu_fifo_write
 .text.tu_fifo_write_n
                0x10007890      0x178 CMakeFiles/astcan_wifi.dir/C_/Users/suzum/.pico-sdk/sdk/2.2.0/lib/tinyusb/src/common/tusb_fifo.c.obj
                0x10007890                tu_fifo_write_n
 .text.tu_fifo_clear
                0x10007a08       0x40 CMakeFiles/astcan_wifi.dir/C_/Users/suzum/.pico-sdk/sdk/2.2.0/lib/tinyusb/src/common/tusb_fifo.c.obj
                0x10007a08                tu_fifo_clear
 .text.tu_fifo_set_overwritable
                0x10007a48       0x48 CMakeFiles/astcan_wifi.dir/C_/Users/suzum/.pico-sdk/sdk/2.2.0/lib/tinyusb/src/common/tusb_fifo.c.obj
                0x10007a48                tu_fifo_set_overwritable
 .text.spi_init
                0x10007a90      0x13c CMakeFiles/astcan_wifi.dir/C_/Users/suzum/.pico-sdk/sdk/2.2.0/src/rp2_common/hardware_spi/spi.c.obj
                0x10007a90                spi_init
 .text.i2c_write_blocking_internal.constprop.0
                0x10007bcc       0xf8 CMakeFiles/astcan_wifi.dir/C_/Users/suzum/.pico-sdk/sdk/2.2.0/src/rp2_common/hardware_i2c/i2c.c.obj
 .text.i2c_set_baudrate
                0x10007cc4       0xc0 CMakeFiles/astcan_wifi.dir/C_/Users/suzum/.pico-sdk/sdk/2.2.0/src/rp2_common/hardware_i2c/i2c.c.obj
                0x10007cc4                i2c_set_baudrate
 .text.i2c_init
                0x10007d84       0x50 CMakeFiles/astcan_wifi.dir/C_/Users/suzum/.pico-sdk/sdk/2.2.0/src/rp2_common/hardware_i2c/i2c.c.obj
                0x10007d84                i2c_init
 .text.i2c_write_blocking
                0x10007dd4       0x14 CMakeFiles/astcan_wifi.dir/C_/Users/suzum/.pico-sdk/sdk/2.2.0/src/rp2_common/hardware_i2c/i2c.c.obj
                0x10007dd4                i2c_write_blocking
 .text.pio_sm_set_pindirs_with_mask64
                0x10007de8       0xac CMakeFiles/astcan_wifi.dir/C_/Users/suzum/.pico-sdk/sdk/2.2.0/src/rp2_common/hardware_pio/pio.c.obj
                0x10007de8                pio_sm_set_pindirs_with_mask64
 .text.pio_sm_set_consecutive_pindirs
                0x10007e94       0xb4 CMakeFiles/astcan_wifi.dir/C_/Users/suzum/.pico-sdk/sdk/2.2.0/src/rp2_common/hardware_pio/pio.c.obj
                0x10007e94                pio_sm_set_consecutive_pindirs
 .text.pio_claim_free_sm_and_add_program_for_gpio_range
                0x10007f48      0x184 CMakeFiles/astcan_wifi.dir/C_/Users/suzum/.pico-sdk/sdk/2.2.0/src/rp2_common/hardware_pio/pio.c.obj
                0x10007f48                pio_claim_free_sm_and_add_program_for_gpio_range
 .text.pio_remove_program_and_unclaim_sm
                0x100080cc       0x40 CMakeFiles/astcan_wifi.dir/C_/Users/suzum/.pico-sdk/sdk/2.2.0/src/rp2_common/hardware_pio/pio.c.obj
                0x100080cc                pio_remove_program_and_unclaim_sm
 .text.lwip_timeout_reached
                0x1000810c        0x8 CMakeFiles/astcan_wifi.dir/C_/Users/suzum/.pico-sdk/sdk/2.2.0/src/rp2_common/pico_lwip/lwip_nosys.c.obj
 .text.update_next_timeout
                0x10008114       0x5c CMakeFiles/astcan_wifi.dir/C_/Users/suzum/.pico-sdk/sdk/2.2.0/src/rp2_common/pico_lwip/lwip_nosys.c.obj
 .text.lwip_nosys_init
                0x10008170       0x30 CMakeFiles/astcan_wifi.dir/C_/Users/suzum/.pico-sdk/sdk/2.2.0/src/rp2_common/pico_lwip/lwip_nosys.c.obj
                0x10008170                lwip_nosys_init
 .text.lwip_nosys_deinit
                0x100081a0       0x20 CMakeFiles/astcan_wifi.dir/C_/Users/suzum/.pico-sdk/sdk/2.2.0/src/rp2_common/pico_lwip/lwip_nosys.c.obj
                0x100081a0                lwip_nosys_deinit
 .text.sys_arch_protect
                0x100081c0        0x4 CMakeFiles/astcan_wifi.dir/C_/Users/suzum/.pico-sdk/sdk/2.2.0/src/rp2_common/pico_lwip/lwip_nosys.c.obj
                0x100081c0                sys_arch_protect
 .text.sys_arch_unprotect
                0x100081c4        0x4 CMakeFiles/astcan_wifi.dir/C_/Users/suzum/.pico-sdk/sdk/2.2.0/src/rp2_common/pico_lwip/lwip_nosys.c.obj
                0x100081c4                sys_arch_unprotect
 .text.sys_now  0x100081c8       0x20 CMakeFiles/astcan_wifi.dir/C_/Users/suzum/.pico-sdk/sdk/2.2.0/src/rp2_common/pico_lwip/lwip_nosys.c.obj
                0x100081c8                sys_now
 .text.async_context_base_add_at_time_worker
                0x100081e8       0x28 CMakeFiles/astcan_wifi.dir/C_/Users/suzum/.pico-sdk/sdk/2.2.0/src/rp2_common/pico_async_context/async_context_base.c.obj
                0x100081e8                async_context_base_add_at_time_worker
 .text.async_context_base_remove_at_time_worker
                0x10008210       0x24 CMakeFiles/astcan_wifi.dir/C_/Users/suzum/.pico-sdk/sdk/2.2.0/src/rp2_common/pico_async_context/async_context_base.c.obj
                0x10008210                async_context_base_remove_at_time_worker
 .text.async_context_base_add_when_pending_worker
                0x10008234       0x24 CMakeFiles/astcan_wifi.dir/C_/Users/suzum/.pico-sdk/sdk/2.2.0/src/rp2_common/pico_async_context/async_context_base.c.obj
                0x10008234                async_context_base_add_when_pending_worker
 .text.async_context_base_remove_when_pending_worker
                0x10008258       0x24 CMakeFiles/astcan_wifi.dir/C_/Users/suzum/.pico-sdk/sdk/2.2.0/src/rp2_common/pico_async_context/async_context_base.c.obj
                0x10008258                async_context_base_remove_when_pending_worker
 .text.async_context_base_execute_once
                0x1000827c      0x108 CMakeFiles/astcan_wifi.dir/C_/Users/suzum/.pico-sdk/sdk/2.2.0/src/rp2_common/pico_async_context/async_context_base.c.obj
                0x1000827c                async_context_base_execute_once
 .text.splitmix64
                0x10008384       0x58 CMakeFiles/astcan_wifi.dir/C_/Users/suzum/.pico-sdk/sdk/2.2.0/src/rp2_common/pico_rand/rand.c.obj
 .text.xoroshiro128ss
                0x100083dc       0x90 CMakeFiles/astcan_wifi.dir/C_/Users/suzum/.pico-sdk/sdk/2.2.0/src/rp2_common/pico_rand/rand.c.obj
 .text.get_rand_64
                0x1000846c      0x47c CMakeFiles/astcan_wifi.dir/C_/Users/suzum/.pico-sdk/sdk/2.2.0/src/rp2_common/pico_rand/rand.c.obj
                0x1000846c                get_rand_64
 .text.get_rand_32
                0x100088e8        0x8 CMakeFiles/astcan_wifi.dir/C_/Users/suzum/.pico-sdk/sdk/2.2.0/src/rp2_common/pico_rand/rand.c.obj
                0x100088e8                get_rand_32
 .text.lwip_init
                0x100088f0       0x24 CMakeFiles/astcan_wifi.dir/C_/Users/suzum/.pico-sdk/sdk/2.2.0/lib/lwip/src/core/init.c.obj
                0x100088f0                lwip_init
 .text.lwip_htons
                0x10008914        0x8 CMakeFiles/astcan_wifi.dir/C_/Users/suzum/.pico-sdk/sdk/2.2.0/lib/lwip/src/core/def.c.obj
                0x10008914                lwip_htons
 .text.lwip_htonl
                0x1000891c        0x4 CMakeFiles/astcan_wifi.dir/C_/Users/suzum/.pico-sdk/sdk/2.2.0/lib/lwip/src/core/def.c.obj
                0x1000891c                lwip_htonl
 .text.dns_call_found
                0x10008920      0x184 CMakeFiles/astcan_wifi.dir/C_/Users/suzum/.pico-sdk/sdk/2.2.0/lib/lwip/src/core/dns.c.obj
 .text.dns_send.isra.0
                0x10008aa4      0x174 CMakeFiles/astcan_wifi.dir/C_/Users/suzum/.pico-sdk/sdk/2.2.0/lib/lwip/src/core/dns.c.obj
 .text.dns_init
                0x10008c18        0x4 CMakeFiles/astcan_wifi.dir/C_/Users/suzum/.pico-sdk/sdk/2.2.0/lib/lwip/src/core/dns.c.obj
                0x10008c18                dns_init
 .text.dns_setserver
                0x10008c1c       0x24 CMakeFiles/astcan_wifi.dir/C_/Users/suzum/.pico-sdk/sdk/2.2.0/lib/lwip/src/core/dns.c.obj
                0x10008c1c                dns_setserver
 .text.dns_tmr  0x10008c40      0x130 CMakeFiles/astcan_wifi.dir/C_/Users/suzum/.pico-sdk/sdk/2.2.0/lib/lwip/src/core/dns.c.obj
                0x10008c40                dns_tmr
 .text.lwip_standard_chksum
                0x10008d70       0xf4 CMakeFiles/astcan_wifi.dir/C_/Users/suzum/.pico-sdk/sdk/2.2.0/lib/lwip/src/core/inet_chksum.c.obj
                0x10008d70                lwip_standard_chksum
 .text.inet_chksum_pseudo
                0x10008e64       0xbc CMakeFiles/astcan_wifi.dir/C_/Users/suzum/.pico-sdk/sdk/2.2.0/lib/lwip/src/core/inet_chksum.c.obj
                0x10008e64                inet_chksum_pseudo
 .text.ip_chksum_pseudo
                0x10008f20       0x10 CMakeFiles/astcan_wifi.dir/C_/Users/suzum/.pico-sdk/sdk/2.2.0/lib/lwip/src/core/inet_chksum.c.obj
                0x10008f20                ip_chksum_pseudo
 .text.inet_chksum
                0x10008f30        0xc CMakeFiles/astcan_wifi.dir/C_/Users/suzum/.pico-sdk/sdk/2.2.0/lib/lwip/src/core/inet_chksum.c.obj
                0x10008f30                inet_chksum
 .text.inet_chksum_pbuf
                0x10008f3c       0x78 CMakeFiles/astcan_wifi.dir/C_/Users/suzum/.pico-sdk/sdk/2.2.0/lib/lwip/src/core/inet_chksum.c.obj
                0x10008f3c                inet_chksum_pbuf
 .text.mem_init
                0x10008fb4        0x4 CMakeFiles/astcan_wifi.dir/C_/Users/suzum/.pico-sdk/sdk/2.2.0/lib/lwip/src/core/mem.c.obj
                0x10008fb4                mem_init
 .text.mem_trim
                0x10008fb8        0x4 CMakeFiles/astcan_wifi.dir/C_/Users/suzum/.pico-sdk/sdk/2.2.0/lib/lwip/src/core/mem.c.obj
                0x10008fb8                mem_trim
 .text.mem_malloc
                0x10008fbc       0x2c CMakeFiles/astcan_wifi.dir/C_/Users/suzum/.pico-sdk/sdk/2.2.0/lib/lwip/src/core/mem.c.obj
                0x10008fbc                mem_malloc
 .text.mem_free
                0x10008fe8       0x2c CMakeFiles/astcan_wifi.dir/C_/Users/suzum/.pico-sdk/sdk/2.2.0/lib/lwip/src/core/mem.c.obj
                0x10008fe8                mem_free
 .text.memp_init
                0x10009014       0x6c CMakeFiles/astcan_wifi.dir/C_/Users/suzum/.pico-sdk/sdk/2.2.0/lib/lwip/src/core/memp.c.obj
                0x10009014                memp_init
 .text.memp_malloc
                0x10009080       0x40 CMakeFiles/astcan_wifi.dir/C_/Users/suzum/.pico-sdk/sdk/2.2.0/lib/lwip/src/core/memp.c.obj
                0x10009080                memp_malloc
 .text.memp_free
                0x100090c0       0x38 CMakeFiles/astcan_wifi.dir/C_/Users/suzum/.pico-sdk/sdk/2.2.0/lib/lwip/src/core/memp.c.obj
                0x100090c0                memp_free
 .text.netif_null_output_ip4
                0x100090f8        0x8 CMakeFiles/astcan_wifi.dir/C_/Users/suzum/.pico-sdk/sdk/2.2.0/lib/lwip/src/core/netif.c.obj
 .text.netif_do_set_ipaddr.isra.0
                0x10009100       0x70 CMakeFiles/astcan_wifi.dir/C_/Users/suzum/.pico-sdk/sdk/2.2.0/lib/lwip/src/core/netif.c.obj
 .text.netif_init
                0x10009170        0x4 CMakeFiles/astcan_wifi.dir/C_/Users/suzum/.pico-sdk/sdk/2.2.0/lib/lwip/src/core/netif.c.obj
                0x10009170                netif_init
 .text.netif_add
                0x10009174      0x174 CMakeFiles/astcan_wifi.dir/C_/Users/suzum/.pico-sdk/sdk/2.2.0/lib/lwip/src/core/netif.c.obj
                0x10009174                netif_add
 .text.netif_set_addr
                0x100092e8       0xb8 CMakeFiles/astcan_wifi.dir/C_/Users/suzum/.pico-sdk/sdk/2.2.0/lib/lwip/src/core/netif.c.obj
                0x100092e8                netif_set_addr
 .text.netif_remove
                0x100093a0       0x94 CMakeFiles/astcan_wifi.dir/C_/Users/suzum/.pico-sdk/sdk/2.2.0/lib/lwip/src/core/netif.c.obj
                0x100093a0                netif_remove
 .text.netif_set_default
                0x10009434        0xc CMakeFiles/astcan_wifi.dir/C_/Users/suzum/.pico-sdk/sdk/2.2.0/lib/lwip/src/core/netif.c.obj
                0x10009434                netif_set_default
 .text.netif_set_up
                0x10009440       0x40 CMakeFiles/astcan_wifi.dir/C_/Users/suzum/.pico-sdk/sdk/2.2.0/lib/lwip/src/core/netif.c.obj
                0x10009440                netif_set_up
 .text.netif_set_link_up
                0x10009480       0x44 CMakeFiles/astcan_wifi.dir/C_/Users/suzum/.pico-sdk/sdk/2.2.0/lib/lwip/src/core/netif.c.obj
                0x10009480                netif_set_link_up
 .text.netif_set_link_down
                0x100094c4       0x20 CMakeFiles/astcan_wifi.dir/C_/Users/suzum/.pico-sdk/sdk/2.2.0/lib/lwip/src/core/netif.c.obj
                0x100094c4                netif_set_link_down
 .text.netif_get_by_index
                0x100094e4       0x2c CMakeFiles/astcan_wifi.dir/C_/Users/suzum/.pico-sdk/sdk/2.2.0/lib/lwip/src/core/netif.c.obj
                0x100094e4                netif_get_by_index
 .text.pbuf_free.part.0
                0x10009510       0x7c CMakeFiles/astcan_wifi.dir/C_/Users/suzum/.pico-sdk/sdk/2.2.0/lib/lwip/src/core/pbuf.c.obj
 .text.pbuf_free_ooseq
                0x1000958c       0x34 CMakeFiles/astcan_wifi.dir/C_/Users/suzum/.pico-sdk/sdk/2.2.0/lib/lwip/src/core/pbuf.c.obj
                0x1000958c                pbuf_free_ooseq
 .text.pbuf_alloc
                0x100095c0      0x12c CMakeFiles/astcan_wifi.dir/C_/Users/suzum/.pico-sdk/sdk/2.2.0/lib/lwip/src/core/pbuf.c.obj
                0x100095c0                pbuf_alloc
 .text.pbuf_realloc
                0x100096ec       0x84 CMakeFiles/astcan_wifi.dir/C_/Users/suzum/.pico-sdk/sdk/2.2.0/lib/lwip/src/core/pbuf.c.obj
                0x100096ec                pbuf_realloc
 .text.pbuf_add_header
                0x10009770       0x54 CMakeFiles/astcan_wifi.dir/C_/Users/suzum/.pico-sdk/sdk/2.2.0/lib/lwip/src/core/pbuf.c.obj
                0x10009770                pbuf_add_header
 .text.pbuf_remove_header
                0x100097c4       0x3c CMakeFiles/astcan_wifi.dir/C_/Users/suzum/.pico-sdk/sdk/2.2.0/lib/lwip/src/core/pbuf.c.obj
                0x100097c4                pbuf_remove_header
 .text.pbuf_header_force
                0x10009800       0x68 CMakeFiles/astcan_wifi.dir/C_/Users/suzum/.pico-sdk/sdk/2.2.0/lib/lwip/src/core/pbuf.c.obj
                0x10009800                pbuf_header_force
 .text.pbuf_free
                0x10009868       0x18 CMakeFiles/astcan_wifi.dir/C_/Users/suzum/.pico-sdk/sdk/2.2.0/lib/lwip/src/core/pbuf.c.obj
                0x10009868                pbuf_free
 .text.pbuf_clen
                0x10009880       0x14 CMakeFiles/astcan_wifi.dir/C_/Users/suzum/.pico-sdk/sdk/2.2.0/lib/lwip/src/core/pbuf.c.obj
                0x10009880                pbuf_clen
 .text.pbuf_ref
                0x10009894       0x28 CMakeFiles/astcan_wifi.dir/C_/Users/suzum/.pico-sdk/sdk/2.2.0/lib/lwip/src/core/pbuf.c.obj
                0x10009894                pbuf_ref
 .text.pbuf_cat
                0x100098bc       0x54 CMakeFiles/astcan_wifi.dir/C_/Users/suzum/.pico-sdk/sdk/2.2.0/lib/lwip/src/core/pbuf.c.obj
                0x100098bc                pbuf_cat
 .text.pbuf_chain
                0x10009910       0x70 CMakeFiles/astcan_wifi.dir/C_/Users/suzum/.pico-sdk/sdk/2.2.0/lib/lwip/src/core/pbuf.c.obj
                0x10009910                pbuf_chain
 .text.pbuf_copy_partial_pbuf
                0x10009980      0x158 CMakeFiles/astcan_wifi.dir/C_/Users/suzum/.pico-sdk/sdk/2.2.0/lib/lwip/src/core/pbuf.c.obj
                0x10009980                pbuf_copy_partial_pbuf
 .text.pbuf_copy
                0x10009ad8       0x18 CMakeFiles/astcan_wifi.dir/C_/Users/suzum/.pico-sdk/sdk/2.2.0/lib/lwip/src/core/pbuf.c.obj
                0x10009ad8                pbuf_copy
 .text.pbuf_copy_partial
                0x10009af0       0x70 CMakeFiles/astcan_wifi.dir/C_/Users/suzum/.pico-sdk/sdk/2.2.0/lib/lwip/src/core/pbuf.c.obj
                0x10009af0                pbuf_copy_partial
 .text.pbuf_take
                0x10009b60       0x78 CMakeFiles/astcan_wifi.dir/C_/Users/suzum/.pico-sdk/sdk/2.2.0/lib/lwip/src/core/pbuf.c.obj
                0x10009b60                pbuf_take
 .text.pbuf_take_at
                0x10009bd8       0xc0 CMakeFiles/astcan_wifi.dir/C_/Users/suzum/.pico-sdk/sdk/2.2.0/lib/lwip/src/core/pbuf.c.obj
                0x10009bd8                pbuf_take_at
 .text.pbuf_clone
                0x10009c98       0x30 CMakeFiles/astcan_wifi.dir/C_/Users/suzum/.pico-sdk/sdk/2.2.0/lib/lwip/src/core/pbuf.c.obj
                0x10009c98                pbuf_clone
 .text.pbuf_put_at
                0x10009cc8       0x1c CMakeFiles/astcan_wifi.dir/C_/Users/suzum/.pico-sdk/sdk/2.2.0/lib/lwip/src/core/pbuf.c.obj
                0x10009cc8                pbuf_put_at
 .text.pbuf_memfind
                0x10009ce4       0xc0 CMakeFiles/astcan_wifi.dir/C_/Users/suzum/.pico-sdk/sdk/2.2.0/lib/lwip/src/core/pbuf.c.obj
                0x10009ce4                pbuf_memfind
 .text.raw_input
                0x10009da4      0x164 CMakeFiles/astcan_wifi.dir/C_/Users/suzum/.pico-sdk/sdk/2.2.0/lib/lwip/src/core/raw.c.obj
                0x10009da4                raw_input
 .text.raw_netif_ip_addr_changed
                0x10009f08       0x40 CMakeFiles/astcan_wifi.dir/C_/Users/suzum/.pico-sdk/sdk/2.2.0/lib/lwip/src/core/raw.c.obj
                0x10009f08                raw_netif_ip_addr_changed
 .text.stats_init
                0x10009f48        0x4 CMakeFiles/astcan_wifi.dir/C_/Users/suzum/.pico-sdk/sdk/2.2.0/lib/lwip/src/core/stats.c.obj
                0x10009f48                stats_init
 .text.tcp_close_shutdown_fin
                0x10009f4c       0x54 CMakeFiles/astcan_wifi.dir/C_/Users/suzum/.pico-sdk/sdk/2.2.0/lib/lwip/src/core/tcp.c.obj
 .text.tcp_pcb_purge.part.0
                0x10009fa0       0xc4 CMakeFiles/astcan_wifi.dir/C_/Users/suzum/.pico-sdk/sdk/2.2.0/lib/lwip/src/core/tcp.c.obj
 .text.tcp_init
                0x1000a064       0x20 CMakeFiles/astcan_wifi.dir/C_/Users/suzum/.pico-sdk/sdk/2.2.0/lib/lwip/src/core/tcp.c.obj
                0x1000a064                tcp_init
 .text.tcp_free
                0x1000a084       0x1c CMakeFiles/astcan_wifi.dir/C_/Users/suzum/.pico-sdk/sdk/2.2.0/lib/lwip/src/core/tcp.c.obj
                0x1000a084                tcp_free
 .text.tcp_update_rcv_ann_wnd
                0x1000a0a0       0x58 CMakeFiles/astcan_wifi.dir/C_/Users/suzum/.pico-sdk/sdk/2.2.0/lib/lwip/src/core/tcp.c.obj
                0x1000a0a0                tcp_update_rcv_ann_wnd
 .text.tcp_recved
                0x1000a0f8       0x98 CMakeFiles/astcan_wifi.dir/C_/Users/suzum/.pico-sdk/sdk/2.2.0/lib/lwip/src/core/tcp.c.obj
                0x1000a0f8                tcp_recved
 .text.tcp_connect
                0x1000a190      0x1bc CMakeFiles/astcan_wifi.dir/C_/Users/suzum/.pico-sdk/sdk/2.2.0/lib/lwip/src/core/tcp.c.obj
                0x1000a190                tcp_connect
 .text.tcp_slowtmr
                0x1000a34c      0x514 CMakeFiles/astcan_wifi.dir/C_/Users/suzum/.pico-sdk/sdk/2.2.0/lib/lwip/src/core/tcp.c.obj
                0x1000a34c                tcp_slowtmr
 .text.tcp_segs_free
                0x1000a860       0x38 CMakeFiles/astcan_wifi.dir/C_/Users/suzum/.pico-sdk/sdk/2.2.0/lib/lwip/src/core/tcp.c.obj
                0x1000a860                tcp_segs_free
 .text.tcp_seg_free
                0x1000a898       0x1c CMakeFiles/astcan_wifi.dir/C_/Users/suzum/.pico-sdk/sdk/2.2.0/lib/lwip/src/core/tcp.c.obj
                0x1000a898                tcp_seg_free
 .text.tcp_seg_copy
                0x1000a8b4       0x2c CMakeFiles/astcan_wifi.dir/C_/Users/suzum/.pico-sdk/sdk/2.2.0/lib/lwip/src/core/tcp.c.obj
                0x1000a8b4                tcp_seg_copy
 .text.tcp_recv
                0x1000a8e0       0x1c CMakeFiles/astcan_wifi.dir/C_/Users/suzum/.pico-sdk/sdk/2.2.0/lib/lwip/src/core/tcp.c.obj
                0x1000a8e0                tcp_recv
 .text.tcp_pcb_purge
                0x1000a8fc       0x18 CMakeFiles/astcan_wifi.dir/C_/Users/suzum/.pico-sdk/sdk/2.2.0/lib/lwip/src/core/tcp.c.obj
                0x1000a8fc                tcp_pcb_purge
 .text.tcp_pcb_remove
                0x1000a914       0xc8 CMakeFiles/astcan_wifi.dir/C_/Users/suzum/.pico-sdk/sdk/2.2.0/lib/lwip/src/core/tcp.c.obj
                0x1000a914                tcp_pcb_remove
 .text.tcp_abandon
                0x1000a9dc      0x1a0 CMakeFiles/astcan_wifi.dir/C_/Users/suzum/.pico-sdk/sdk/2.2.0/lib/lwip/src/core/tcp.c.obj
                0x1000a9dc                tcp_abandon
 .text.tcp_abort
                0x1000ab7c        0xc CMakeFiles/astcan_wifi.dir/C_/Users/suzum/.pico-sdk/sdk/2.2.0/lib/lwip/src/core/tcp.c.obj
                0x1000ab7c                tcp_abort
 .text.tcp_alloc
                0x1000ab88      0x1d4 CMakeFiles/astcan_wifi.dir/C_/Users/suzum/.pico-sdk/sdk/2.2.0/lib/lwip/src/core/tcp.c.obj
                0x1000ab88                tcp_alloc
 .text.tcp_new_ip_type
                0x1000ad5c        0xc CMakeFiles/astcan_wifi.dir/C_/Users/suzum/.pico-sdk/sdk/2.2.0/lib/lwip/src/core/tcp.c.obj
                0x1000ad5c                tcp_new_ip_type
 .text.tcp_close_shutdown
                0x1000ad68      0x188 CMakeFiles/astcan_wifi.dir/C_/Users/suzum/.pico-sdk/sdk/2.2.0/lib/lwip/src/core/tcp.c.obj
 .text.tcp_recv_null
                0x1000aef0       0xcc CMakeFiles/astcan_wifi.dir/C_/Users/suzum/.pico-sdk/sdk/2.2.0/lib/lwip/src/core/tcp.c.obj
                0x1000aef0                tcp_recv_null
 .text.tcp_process_refused_data
                0x1000afbc       0x78 CMakeFiles/astcan_wifi.dir/C_/Users/suzum/.pico-sdk/sdk/2.2.0/lib/lwip/src/core/tcp.c.obj
                0x1000afbc                tcp_process_refused_data
 .text.tcp_fasttmr
                0x1000b034       0x98 CMakeFiles/astcan_wifi.dir/C_/Users/suzum/.pico-sdk/sdk/2.2.0/lib/lwip/src/core/tcp.c.obj
                0x1000b034                tcp_fasttmr
 .text.tcp_tmr  0x1000b0cc       0x20 CMakeFiles/astcan_wifi.dir/C_/Users/suzum/.pico-sdk/sdk/2.2.0/lib/lwip/src/core/tcp.c.obj
                0x1000b0cc                tcp_tmr
 .text.tcp_next_iss
                0x1000b0ec       0x28 CMakeFiles/astcan_wifi.dir/C_/Users/suzum/.pico-sdk/sdk/2.2.0/lib/lwip/src/core/tcp.c.obj
                0x1000b0ec                tcp_next_iss
 .text.tcp_eff_send_mss_netif
                0x1000b114       0x34 CMakeFiles/astcan_wifi.dir/C_/Users/suzum/.pico-sdk/sdk/2.2.0/lib/lwip/src/core/tcp.c.obj
                0x1000b114                tcp_eff_send_mss_netif
 .text.tcp_netif_ip_addr_changed
                0x1000b148       0x94 CMakeFiles/astcan_wifi.dir/C_/Users/suzum/.pico-sdk/sdk/2.2.0/lib/lwip/src/core/tcp.c.obj
                0x1000b148                tcp_netif_ip_addr_changed
 .text.tcp_free_ooseq
                0x1000b1dc       0x40 CMakeFiles/astcan_wifi.dir/C_/Users/suzum/.pico-sdk/sdk/2.2.0/lib/lwip/src/core/tcp.c.obj
                0x1000b1dc                tcp_free_ooseq
 .text.tcp_parseopt
                0x1000b21c      0x1b0 CMakeFiles/astcan_wifi.dir/C_/Users/suzum/.pico-sdk/sdk/2.2.0/lib/lwip/src/core/tcp_in.c.obj
 .text.tcp_oos_insert_segment
                0x1000b3cc       0xcc CMakeFiles/astcan_wifi.dir/C_/Users/suzum/.pico-sdk/sdk/2.2.0/lib/lwip/src/core/tcp_in.c.obj
 .text.tcp_free_acked_segments.isra.0
                0x1000b498       0xdc CMakeFiles/astcan_wifi.dir/C_/Users/suzum/.pico-sdk/sdk/2.2.0/lib/lwip/src/core/tcp_in.c.obj
 .text.tcp_receive
                0x1000b574      0xa34 CMakeFiles/astcan_wifi.dir/C_/Users/suzum/.pico-sdk/sdk/2.2.0/lib/lwip/src/core/tcp_in.c.obj
 .text.tcp_input
                0x1000bfa8      0xe3c CMakeFiles/astcan_wifi.dir/C_/Users/suzum/.pico-sdk/sdk/2.2.0/lib/lwip/src/core/tcp_in.c.obj
                0x1000bfa8                tcp_input
 .text.tcp_trigger_input_pcb_close
                0x1000cde4       0x10 CMakeFiles/astcan_wifi.dir/C_/Users/suzum/.pico-sdk/sdk/2.2.0/lib/lwip/src/core/tcp_in.c.obj
                0x1000cde4                tcp_trigger_input_pcb_close
 .text.tcp_create_segment
                0x1000cdf4       0xe8 CMakeFiles/astcan_wifi.dir/C_/Users/suzum/.pico-sdk/sdk/2.2.0/lib/lwip/src/core/tcp_out.c.obj
 .text.tcp_output_control_segment
                0x1000cedc       0xb4 CMakeFiles/astcan_wifi.dir/C_/Users/suzum/.pico-sdk/sdk/2.2.0/lib/lwip/src/core/tcp_out.c.obj
 .text.tcp_write
                0x1000cf90      0x470 CMakeFiles/astcan_wifi.dir/C_/Users/suzum/.pico-sdk/sdk/2.2.0/lib/lwip/src/core/tcp_out.c.obj
                0x1000cf90                tcp_write
 .text.tcp_split_unsent_seg
                0x1000d400      0x1b4 CMakeFiles/astcan_wifi.dir/C_/Users/suzum/.pico-sdk/sdk/2.2.0/lib/lwip/src/core/tcp_out.c.obj
                0x1000d400                tcp_split_unsent_seg
 .text.tcp_send_fin
                0x1000d5b4      0x118 CMakeFiles/astcan_wifi.dir/C_/Users/suzum/.pico-sdk/sdk/2.2.0/lib/lwip/src/core/tcp_out.c.obj
                0x1000d5b4                tcp_send_fin
 .text.tcp_enqueue_flags
                0x1000d6cc      0x12c CMakeFiles/astcan_wifi.dir/C_/Users/suzum/.pico-sdk/sdk/2.2.0/lib/lwip/src/core/tcp_out.c.obj
                0x1000d6cc                tcp_enqueue_flags
 .text.tcp_rexmit_rto_prepare
                0x1000d7f8       0x9c CMakeFiles/astcan_wifi.dir/C_/Users/suzum/.pico-sdk/sdk/2.2.0/lib/lwip/src/core/tcp_out.c.obj
                0x1000d7f8                tcp_rexmit_rto_prepare
 .text.tcp_rexmit
                0x1000d894       0x9c CMakeFiles/astcan_wifi.dir/C_/Users/suzum/.pico-sdk/sdk/2.2.0/lib/lwip/src/core/tcp_out.c.obj
                0x1000d894                tcp_rexmit
 .text.tcp_rexmit_fast
                0x1000d930       0x64 CMakeFiles/astcan_wifi.dir/C_/Users/suzum/.pico-sdk/sdk/2.2.0/lib/lwip/src/core/tcp_out.c.obj
                0x1000d930                tcp_rexmit_fast
 .text.tcp_rst  0x1000d994       0xe8 CMakeFiles/astcan_wifi.dir/C_/Users/suzum/.pico-sdk/sdk/2.2.0/lib/lwip/src/core/tcp_out.c.obj
                0x1000d994                tcp_rst
 .text.tcp_rst_netif
                0x1000da7c      0x130 CMakeFiles/astcan_wifi.dir/C_/Users/suzum/.pico-sdk/sdk/2.2.0/lib/lwip/src/core/tcp_out.c.obj
                0x1000da7c                tcp_rst_netif
 .text.tcp_send_empty_ack
                0x1000dbac       0xf0 CMakeFiles/astcan_wifi.dir/C_/Users/suzum/.pico-sdk/sdk/2.2.0/lib/lwip/src/core/tcp_out.c.obj
                0x1000dbac                tcp_send_empty_ack
 .text.tcp_output
                0x1000dc9c      0x44c CMakeFiles/astcan_wifi.dir/C_/Users/suzum/.pico-sdk/sdk/2.2.0/lib/lwip/src/core/tcp_out.c.obj
                0x1000dc9c                tcp_output
 .text.tcp_rexmit_rto_commit
                0x1000e0e8       0x24 CMakeFiles/astcan_wifi.dir/C_/Users/suzum/.pico-sdk/sdk/2.2.0/lib/lwip/src/core/tcp_out.c.obj
                0x1000e0e8                tcp_rexmit_rto_commit
 .text.tcp_rexmit_rto
                0x1000e10c       0xa4 CMakeFiles/astcan_wifi.dir/C_/Users/suzum/.pico-sdk/sdk/2.2.0/lib/lwip/src/core/tcp_out.c.obj
                0x1000e10c                tcp_rexmit_rto
 .text.tcp_keepalive
                0x1000e1b0       0xdc CMakeFiles/astcan_wifi.dir/C_/Users/suzum/.pico-sdk/sdk/2.2.0/lib/lwip/src/core/tcp_out.c.obj
                0x1000e1b0                tcp_keepalive
 .text.tcp_zero_window_probe
                0x1000e28c      0x1a8 CMakeFiles/astcan_wifi.dir/C_/Users/suzum/.pico-sdk/sdk/2.2.0/lib/lwip/src/core/tcp_out.c.obj
                0x1000e28c                tcp_zero_window_probe
 .text.tcpip_tcp_timer
                0x1000e434       0x78 CMakeFiles/astcan_wifi.dir/C_/Users/suzum/.pico-sdk/sdk/2.2.0/lib/lwip/src/core/timeouts.c.obj
 .text.lwip_cyclic_timer
                0x1000e4ac       0x98 CMakeFiles/astcan_wifi.dir/C_/Users/suzum/.pico-sdk/sdk/2.2.0/lib/lwip/src/core/timeouts.c.obj
 .text.tcp_timer_needed
                0x1000e544       0x7c CMakeFiles/astcan_wifi.dir/C_/Users/suzum/.pico-sdk/sdk/2.2.0/lib/lwip/src/core/timeouts.c.obj
                0x1000e544                tcp_timer_needed
 .text.sys_timeouts_init
                0x1000e5c0       0x8c CMakeFiles/astcan_wifi.dir/C_/Users/suzum/.pico-sdk/sdk/2.2.0/lib/lwip/src/core/timeouts.c.obj
                0x1000e5c0                sys_timeouts_init
 .text.sys_check_timeouts
                0x1000e64c       0x68 CMakeFiles/astcan_wifi.dir/C_/Users/suzum/.pico-sdk/sdk/2.2.0/lib/lwip/src/core/timeouts.c.obj
                0x1000e64c                sys_check_timeouts
 .text.sys_timeouts_sleeptime
                0x1000e6b4       0x28 CMakeFiles/astcan_wifi.dir/C_/Users/suzum/.pico-sdk/sdk/2.2.0/lib/lwip/src/core/timeouts.c.obj
                0x1000e6b4                sys_timeouts_sleeptime
 .text.udp_init
                0x1000e6dc       0x20 CMakeFiles/astcan_wifi.dir/C_/Users/suzum/.pico-sdk/sdk/2.2.0/lib/lwip/src/core/udp.c.obj
                0x1000e6dc                udp_init
 .text.udp_input
                0x1000e6fc      0x350 CMakeFiles/astcan_wifi.dir/C_/Users/suzum/.pico-sdk/sdk/2.2.0/lib/lwip/src/core/udp.c.obj
                0x1000e6fc                udp_input
 .text.udp_bind
                0x1000ea4c      0x10c CMakeFiles/astcan_wifi.dir/C_/Users/suzum/.pico-sdk/sdk/2.2.0/lib/lwip/src/core/udp.c.obj
                0x1000ea4c                udp_bind
 .text.udp_sendto_if_src
                0x1000eb58      0x130 CMakeFiles/astcan_wifi.dir/C_/Users/suzum/.pico-sdk/sdk/2.2.0/lib/lwip/src/core/udp.c.obj
                0x1000eb58                udp_sendto_if_src
 .text.udp_sendto_if
                0x1000ec88       0x48 CMakeFiles/astcan_wifi.dir/C_/Users/suzum/.pico-sdk/sdk/2.2.0/lib/lwip/src/core/udp.c.obj
                0x1000ec88                udp_sendto_if
 .text.udp_sendto
                0x1000ecd0       0x78 CMakeFiles/astcan_wifi.dir/C_/Users/suzum/.pico-sdk/sdk/2.2.0/lib/lwip/src/core/udp.c.obj
                0x1000ecd0                udp_sendto
 .text.udp_connect
                0x1000ed48       0x5c CMakeFiles/astcan_wifi.dir/C_/Users/suzum/.pico-sdk/sdk/2.2.0/lib/lwip/src/core/udp.c.obj
                0x1000ed48                udp_connect
 .text.udp_recv
                0x1000eda4        0xc CMakeFiles/astcan_wifi.dir/C_/Users/suzum/.pico-sdk/sdk/2.2.0/lib/lwip/src/core/udp.c.obj
                0x1000eda4                udp_recv
 .text.udp_remove
                0x1000edb0       0x3c CMakeFiles/astcan_wifi.dir/C_/Users/suzum/.pico-sdk/sdk/2.2.0/lib/lwip/src/core/udp.c.obj
                0x1000edb0                udp_remove
 .text.udp_new  0x1000edec       0x1c CMakeFiles/astcan_wifi.dir/C_/Users/suzum/.pico-sdk/sdk/2.2.0/lib/lwip/src/core/udp.c.obj
                0x1000edec                udp_new
 .text.udp_netif_ip_addr_changed
                0x1000ee08       0x40 CMakeFiles/astcan_wifi.dir/C_/Users/suzum/.pico-sdk/sdk/2.2.0/lib/lwip/src/core/udp.c.obj
                0x1000ee08                udp_netif_ip_addr_changed
 .text.dhcp_create_msg
                0x1000ee48      0x160 CMakeFiles/astcan_wifi.dir/C_/Users/suzum/.pico-sdk/sdk/2.2.0/lib/lwip/src/core/ipv4/dhcp.c.obj
 .text.dhcp_inc_pcb_refcount
                0x1000efa8       0x6c CMakeFiles/astcan_wifi.dir/C_/Users/suzum/.pico-sdk/sdk/2.2.0/lib/lwip/src/core/ipv4/dhcp.c.obj
 .text.dhcp_bind
                0x1000f014      0x144 CMakeFiles/astcan_wifi.dir/C_/Users/suzum/.pico-sdk/sdk/2.2.0/lib/lwip/src/core/ipv4/dhcp.c.obj
 .text.dhcp_option_hostname.isra.0
                0x1000f158       0x74 CMakeFiles/astcan_wifi.dir/C_/Users/suzum/.pico-sdk/sdk/2.2.0/lib/lwip/src/core/ipv4/dhcp.c.obj
 .text.dhcp_handle_ack.isra.0
                0x1000f1cc       0xcc CMakeFiles/astcan_wifi.dir/C_/Users/suzum/.pico-sdk/sdk/2.2.0/lib/lwip/src/core/ipv4/dhcp.c.obj
 .text.dhcp_reboot.isra.0
                0x1000f298      0x17c CMakeFiles/astcan_wifi.dir/C_/Users/suzum/.pico-sdk/sdk/2.2.0/lib/lwip/src/core/ipv4/dhcp.c.obj
 .text.dhcp_discover.isra.0
                0x1000f414      0x14c CMakeFiles/astcan_wifi.dir/C_/Users/suzum/.pico-sdk/sdk/2.2.0/lib/lwip/src/core/ipv4/dhcp.c.obj
 .text.dhcp_select.isra.0
                0x1000f560      0x1e0 CMakeFiles/astcan_wifi.dir/C_/Users/suzum/.pico-sdk/sdk/2.2.0/lib/lwip/src/core/ipv4/dhcp.c.obj
 .text.dhcp_recv
                0x1000f740      0x4a8 CMakeFiles/astcan_wifi.dir/C_/Users/suzum/.pico-sdk/sdk/2.2.0/lib/lwip/src/core/ipv4/dhcp.c.obj
 .text.dhcp_set_struct
                0x1000fbe8       0x44 CMakeFiles/astcan_wifi.dir/C_/Users/suzum/.pico-sdk/sdk/2.2.0/lib/lwip/src/core/ipv4/dhcp.c.obj
                0x1000fbe8                dhcp_set_struct
 .text.dhcp_start
                0x1000fc2c       0xa8 CMakeFiles/astcan_wifi.dir/C_/Users/suzum/.pico-sdk/sdk/2.2.0/lib/lwip/src/core/ipv4/dhcp.c.obj
                0x1000fc2c                dhcp_start
 .text.dhcp_network_changed_link_up